Archive member included to satisfy reference by file (symbol)

c:/program files (x86)/atmel/studio/7.0/toolchain/arm/arm-gnu-toolchain/bin/../lib/gcc/arm-none-eabi/6.3.1/thumb/v7e-m\libgcc.a(_aeabi_uldivmod.o)
                              src/camera.o (__aeabi_uldivmod)
c:/program files (x86)/atmel/studio/7.0/toolchain/arm/arm-gnu-toolchain/bin/../lib/gcc/arm-none-eabi/6.3.1/thumb/v7e-m\libgcc.a(_udivmoddi4.o)
                              c:/program files (x86)/atmel/studio/7.0/toolchain/arm/arm-gnu-toolchain/bin/../lib/gcc/arm-none-eabi/6.3.1/thumb/v7e-m\libgcc.a(_aeabi_uldivmod.o) (__udivmoddi4)
c:/program files (x86)/atmel/studio/7.0/toolchain/arm/arm-gnu-toolchain/bin/../lib/gcc/arm-none-eabi/6.3.1/thumb/v7e-m\libgcc.a(_dvmd_tls.o)
                              c:/program files (x86)/atmel/studio/7.0/toolchain/arm/arm-gnu-toolchain/bin/../lib/gcc/arm-none-eabi/6.3.1/thumb/v7e-m\libgcc.a(_aeabi_uldivmod.o) (__aeabi_ldiv0)
c:/program files (x86)/atmel/studio/7.0/toolchain/arm/arm-gnu-toolchain/bin/../lib/gcc/arm-none-eabi/6.3.1/../../../../arm-none-eabi/lib/thumb/v7e-m\libc.a(lib_a-exit.o)
                              c:/program files (x86)/atmel/studio/7.0/toolchain/arm/arm-gnu-toolchain/bin/../lib/gcc/arm-none-eabi/6.3.1/../../../../arm-none-eabi/lib/thumb/v7e-m/crt0.o (exit)
c:/program files (x86)/atmel/studio/7.0/toolchain/arm/arm-gnu-toolchain/bin/../lib/gcc/arm-none-eabi/6.3.1/../../../../arm-none-eabi/lib/thumb/v7e-m\libc.a(lib_a-impure.o)
                              c:/program files (x86)/atmel/studio/7.0/toolchain/arm/arm-gnu-toolchain/bin/../lib/gcc/arm-none-eabi/6.3.1/../../../../arm-none-eabi/lib/thumb/v7e-m\libc.a(lib_a-exit.o) (_global_impure_ptr)
c:/program files (x86)/atmel/studio/7.0/toolchain/arm/arm-gnu-toolchain/bin/../lib/gcc/arm-none-eabi/6.3.1/../../../../arm-none-eabi/lib/thumb/v7e-m\libc.a(lib_a-init.o)
                              c:/program files (x86)/atmel/studio/7.0/toolchain/arm/arm-gnu-toolchain/bin/../lib/gcc/arm-none-eabi/6.3.1/../../../../arm-none-eabi/lib/thumb/v7e-m/crt0.o (__libc_init_array)
c:/program files (x86)/atmel/studio/7.0/toolchain/arm/arm-gnu-toolchain/bin/../lib/gcc/arm-none-eabi/6.3.1/../../../../arm-none-eabi/lib/thumb/v7e-m\libc.a(lib_a-memset.o)
                              c:/program files (x86)/atmel/studio/7.0/toolchain/arm/arm-gnu-toolchain/bin/../lib/gcc/arm-none-eabi/6.3.1/../../../../arm-none-eabi/lib/thumb/v7e-m/crt0.o (memset)
c:/program files (x86)/atmel/studio/7.0/toolchain/arm/arm-gnu-toolchain/bin/../lib/gcc/arm-none-eabi/6.3.1/../../../../arm-none-eabi/lib/thumb/v7e-m\libc.a(lib_a-sprintf.o)
                              src/wifi.o (sprintf)
c:/program files (x86)/atmel/studio/7.0/toolchain/arm/arm-gnu-toolchain/bin/../lib/gcc/arm-none-eabi/6.3.1/../../../../arm-none-eabi/lib/thumb/v7e-m\libc.a(lib_a-strstr.o)
                              src/wifi.o (strstr)
c:/program files (x86)/atmel/studio/7.0/toolchain/arm/arm-gnu-toolchain/bin/../lib/gcc/arm-none-eabi/6.3.1/../../../../arm-none-eabi/lib/thumb/v7e-m\libc.a(lib_a-svfprintf.o)
                              c:/program files (x86)/atmel/studio/7.0/toolchain/arm/arm-gnu-toolchain/bin/../lib/gcc/arm-none-eabi/6.3.1/../../../../arm-none-eabi/lib/thumb/v7e-m\libc.a(lib_a-sprintf.o) (_svfprintf_r)
c:/program files (x86)/atmel/studio/7.0/toolchain/arm/arm-gnu-toolchain/bin/../lib/gcc/arm-none-eabi/6.3.1/../../../../arm-none-eabi/lib/thumb/v7e-m\libc.a(lib_a-__call_atexit.o)
                              c:/program files (x86)/atmel/studio/7.0/toolchain/arm/arm-gnu-toolchain/bin/../lib/gcc/arm-none-eabi/6.3.1/../../../../arm-none-eabi/lib/thumb/v7e-m\libc.a(lib_a-exit.o) (__call_exitprocs)
c:/program files (x86)/atmel/studio/7.0/toolchain/arm/arm-gnu-toolchain/bin/../lib/gcc/arm-none-eabi/6.3.1/../../../../arm-none-eabi/lib/thumb/v7e-m\libc.a(lib_a-atexit.o)
                              c:/program files (x86)/atmel/studio/7.0/toolchain/arm/arm-gnu-toolchain/bin/../lib/gcc/arm-none-eabi/6.3.1/../../../../arm-none-eabi/lib/thumb/v7e-m\libc.a(lib_a-__call_atexit.o) (atexit)
c:/program files (x86)/atmel/studio/7.0/toolchain/arm/arm-gnu-toolchain/bin/../lib/gcc/arm-none-eabi/6.3.1/../../../../arm-none-eabi/lib/thumb/v7e-m\libc.a(lib_a-dtoa.o)
                              c:/program files (x86)/atmel/studio/7.0/toolchain/arm/arm-gnu-toolchain/bin/../lib/gcc/arm-none-eabi/6.3.1/../../../../arm-none-eabi/lib/thumb/v7e-m\libc.a(lib_a-svfprintf.o) (_dtoa_r)
c:/program files (x86)/atmel/studio/7.0/toolchain/arm/arm-gnu-toolchain/bin/../lib/gcc/arm-none-eabi/6.3.1/../../../../arm-none-eabi/lib/thumb/v7e-m\libc.a(lib_a-fini.o)
                              c:/program files (x86)/atmel/studio/7.0/toolchain/arm/arm-gnu-toolchain/bin/../lib/gcc/arm-none-eabi/6.3.1/../../../../arm-none-eabi/lib/thumb/v7e-m\libc.a(lib_a-__call_atexit.o) (__libc_fini_array)
[...]
Memory Configuration

Name             Origin             Length             Attributes
rom              0x00400000         0x00080000         xr
ram              0x20000000         0x00020000         xrw
*default*        0x00000000         0xffffffff

Linker script and memory map

LOAD c:/program files (x86)/atmel/studio/7.0/toolchain/arm/arm-gnu-toolchain/bin/../lib/gcc/arm-none-eabi/6.3.1/thumb/v7e-m/crti.o
LOAD c:/program files (x86)/atmel/studio/7.0/toolchain/arm/arm-gnu-toolchain/bin/../lib/gcc/arm-none-eabi/6.3.1/thumb/v7e-m/crtbegin.o
LOAD c:/program files (x86)/atmel/studio/7.0/toolchain/arm/arm-gnu-toolchain/bin/../lib/gcc/arm-none-eabi/6.3.1/../../../../arm-none-eabi/lib/thumb/v7e-m/crt0.o
LOAD src/ASF/common/services/serial/usart_serial.o
LOAD src/ASF/sam/drivers/pio/pio_handler.o
LOAD src/ASF/sam/drivers/tc/tc.o
LOAD src/ASF/sam/drivers/twi/twi.o
LOAD src/ASF/sam/drivers/uart/uart.o
LOAD src/ASF/sam/drivers/usart/usart.o
LOAD src/ASF/sam/drivers/wdt/wdt.o
LOAD src/camera.o
LOAD src/ov2640.o
LOAD src/ov2640_table_registers.o
LOAD src/timer_interface.o
LOAD src/wifi.o
LOAD src/ASF/common/services/delay/sam/cycle_counter.o
LOAD src/ASF/common/services/clock/sam4s/sysclk.o
LOAD src/ASF/sam/drivers/pio/pio.o
LOAD src/ASF/sam/drivers/pmc/pmc.o
LOAD src/ASF/sam/drivers/pmc/sleep.o
LOAD src/ASF/common/boards/user_board/init.o
LOAD src/ASF/common/utils/interrupt/interrupt_sam_nvic.o
LOAD src/ASF/sam/utils/cmsis/sam4s/source/templates/gcc/startup_sam4s.o
LOAD src/ASF/sam/utils/cmsis/sam4s/source/templates/system_sam4s.o
LOAD src/ASF/sam/utils/syscalls/gcc/syscalls.o
LOAD src/main.o
START GROUP
LOAD ../src/ASF/thirdparty/CMSIS/Lib/GCC\libarm_cortexM4l_math.a
LOAD c:/program files (x86)/atmel/studio/7.0/toolchain/arm/arm-gnu-toolchain/bin/../lib/gcc/arm-none-eabi/6.3.1/../../../../arm-none-eabi/lib/thumb/v7e-m\libm.a
END GROUP
START GROUP
LOAD c:/program files (x86)/atmel/studio/7.0/toolchain/arm/arm-gnu-toolchain/bin/../lib/gcc/arm-none-eabi/6.3.1/thumb/v7e-m\libgcc.a
LOAD c:/program files (x86)/atmel/studio/7.0/toolchain/arm/arm-gnu-toolchain/bin/../lib/gcc/arm-none-eabi/6.3.1/../../../../arm-none-eabi/lib/thumb/v7e-m\libc.a
END GROUP
LOAD c:/program files (x86)/atmel/studio/7.0/toolchain/arm/arm-gnu-toolchain/bin/../lib/gcc/arm-none-eabi/6.3.1/thumb/v7e-m/crtend.o
LOAD c:/program files (x86)/atmel/studio/7.0/toolchain/arm/arm-gnu-toolchain/bin/../lib/gcc/arm-none-eabi/6.3.1/thumb/v7e-m/crtn.o
                0x00003000                __stack_size__ = DEFINED (__stack_size__)?__stack_size__:0x3000
                0x2001fffc                __ram_end__ = ((ORIGIN (ram) + LENGTH (ram)) - 0x4)

.text           0x00400000     0x92ac
                0x00400000                . = ALIGN (0x4)
                0x00400000                _sfixed = .
 *(.vectors .vectors.*)
 .vectors       0x00400000       0xcc src/ASF/sam/utils/cmsis/sam4s/source/templates/gcc/startup_sam4s.o
                0x00400000                exception_table
 *(.text .text.* .gnu.linkonce.t.*)
 .text          0x004000cc       0x6c c:/program files (x86)/atmel/studio/7.0/toolchain/arm/arm-gnu-toolchain/bin/../lib/gcc/arm-none-eabi/6.3.1/thumb/v7e-m/crtbegin.o
 .text.pio_handler_process
                0x00400138       0xd4 src/ASF/sam/drivers/pio/pio_handler.o
                0x00400138                pio_handler_process
 .text.pio_handler_set
                0x0040020c       0xa0 src/ASF/sam/drivers/pio/pio_handler.o
                0x0040020c                pio_handler_set
 .text.PIOA_Handler
                0x004002ac       0x18 src/ASF/sam/drivers/pio/pio_handler.o
                0x004002ac                PIOA_Handler
 .text.PIOB_Handler
                0x004002c4       0x18 src/ASF/sam/drivers/pio/pio_handler.o
                0x004002c4                PIOB_Handler
 .text.tc_init  0x004002dc       0x38 src/ASF/sam/drivers/tc/tc.o
                0x004002dc                tc_init
 .text.tc_start
                0x00400314       0x20 src/ASF/sam/drivers/tc/tc.o
                0x00400314                tc_start
 .text.tc_write_rc
                0x00400334       0x24 src/ASF/sam/drivers/tc/tc.o
                0x00400334                tc_write_rc
 .text.tc_enable_interrupt
                0x00400358       0x26 src/ASF/sam/drivers/tc/tc.o
                0x00400358                tc_enable_interrupt
 .text.tc_get_status
                0x0040037e       0x22 src/ASF/sam/drivers/tc/tc.o
                0x0040037e                tc_get_status
 .text.tc_find_mck_divisor
                0x004003a0       0xa4 src/ASF/sam/drivers/tc/tc.o
                0x004003a0                tc_find_mck_divisor
 .text.twi_enable_master_mode
                0x00400444       0x24 src/ASF/sam/drivers/twi/twi.o
                0x00400444                twi_enable_master_mode
 .text.twi_master_init
                0x00400468       0x64 src/ASF/sam/drivers/twi/twi.o
                0x00400468                twi_master_init
 .text.twi_set_speed
                0x004004cc       0x70 src/ASF/sam/drivers/twi/twi.o
                0x004004cc                twi_set_speed
 .text.twi_mk_addr
                0x0040053c       0x5a src/ASF/sam/drivers/twi/twi.o
                0x0040053c                twi_mk_addr
 *fill*         0x00400596        0x2 
 .text.twi_master_read
                0x00400598      0x10c src/ASF/sam/drivers/twi/twi.o
                0x00400598                twi_master_read
 .text.twi_master_write
                0x004006a4       0xdc src/ASF/sam/drivers/twi/twi.o
                0x004006a4                twi_master_write
 .text.twi_reset
                0x00400780       0x1c src/ASF/sam/drivers/twi/twi.o
                0x00400780                twi_reset
 .text.usart_set_async_baudrate
                0x0040079c       0x88 src/ASF/sam/drivers/usart/usart.o
                0x0040079c                usart_set_async_baudrate
 .text.usart_reset
                0x00400824       0x60 src/ASF/sam/drivers/usart/usart.o
                0x00400824                usart_reset
 .text.usart_init_rs232
                0x00400884       0x84 src/ASF/sam/drivers/usart/usart.o
                0x00400884                usart_init_rs232
 .text.usart_init_hw_handshaking
                0x00400908       0x40 src/ASF/sam/drivers/usart/usart.o
                0x00400908                usart_init_hw_handshaking
 .text.usart_enable_tx
                0x00400948       0x18 src/ASF/sam/drivers/usart/usart.o
                0x00400948                usart_enable_tx
 .text.usart_reset_tx
                0x00400960       0x18 src/ASF/sam/drivers/usart/usart.o
                0x00400960                usart_reset_tx
 .text.usart_enable_rx
                0x00400978       0x18 src/ASF/sam/drivers/usart/usart.o
                0x00400978                usart_enable_rx
 .text.usart_reset_rx
                0x00400990       0x18 src/ASF/sam/drivers/usart/usart.o
                0x00400990                usart_reset_rx
 .text.usart_enable_interrupt
                0x004009a8       0x1a src/ASF/sam/drivers/usart/usart.o
                0x004009a8                usart_enable_interrupt
 .text.usart_disable_interrupt
                0x004009c2       0x1a src/ASF/sam/drivers/usart/usart.o
                0x004009c2                usart_disable_interrupt
 .text.usart_get_status
                0x004009dc       0x16 src/ASF/sam/drivers/usart/usart.o
                0x004009dc                usart_get_status
 .text.usart_reset_status
                0x004009f2       0x1a src/ASF/sam/drivers/usart/usart.o
                0x004009f2                usart_reset_status
 .text.usart_drive_DTR_pin_high
                0x00400a0c       0x1a src/ASF/sam/drivers/usart/usart.o
                0x00400a0c                usart_drive_DTR_pin_high
 .text.usart_drive_RTS_pin_high
                0x00400a26       0x1a src/ASF/sam/drivers/usart/usart.o
                0x00400a26                usart_drive_RTS_pin_high
 .text.usart_putchar
                0x00400a40       0x2e src/ASF/sam/drivers/usart/usart.o
                0x00400a40                usart_putchar
 *fill*         0x00400a6e        0x2 
 .text.usart_write_line
                0x00400a70       0x30 src/ASF/sam/drivers/usart/usart.o
                0x00400a70                usart_write_line
 .text.usart_read
                0x00400aa0       0x32 src/ASF/sam/drivers/usart/usart.o
                0x00400aa0                usart_read
 *fill*         0x00400ad2        0x2 
 .text.usart_disable_writeprotect
                0x00400ad4       0x20 src/ASF/sam/drivers/usart/usart.o
                0x00400ad4                usart_disable_writeprotect
 .text.wdt_disable
                0x00400af4       0x1a src/ASF/sam/drivers/wdt/wdt.o
                0x00400af4                wdt_disable
 *fill*         0x00400b0e        0x2 
 .text.NVIC_EnableIRQ
                0x00400b10       0x30 src/camera.o
 .text.NVIC_DisableIRQ
                0x00400b40       0x34 src/camera.o
 .text.NVIC_ClearPendingIRQ
                0x00400b74       0x34 src/camera.o
 .text.NVIC_SetPriority
                0x00400ba8       0x54 src/camera.o
 .text.osc_get_rate
                0x00400bfc       0x74 src/camera.o
 .text.sysclk_get_main_hz
                0x00400c70       0x1c src/camera.o
 .text.sysclk_get_cpu_hz
                0x00400c8c       0x14 src/camera.o
 .text.vsync_handler
                0x00400ca0       0x20 src/camera.o
                0x00400ca0                vsync_handler
 .text.init_vsync_interrupts
                0x00400cc0       0x38 src/camera.o
                0x00400cc0                init_vsync_interrupts
 .text.pio_capture_init
                0x00400cf8       0x7c src/camera.o
                0x00400cf8                pio_capture_init
 .text.pio_capture_to_buffer
                0x00400d74       0x66 src/camera.o
                0x00400d74                pio_capture_to_buffer
 *fill*         0x00400dda        0x2 
 .text.start_capture
                0x00400ddc       0x8c src/camera.o
                0x00400ddc                start_capture
 .text.find_image_len
                0x00400e68       0xe0 src/camera.o
                0x00400e68                find_image_len
 .text.init_camera
                0x00400f48      0x14c src/camera.o
                0x00400f48                init_camera
 .text.configure_camera
                0x00401094       0xd4 src/camera.o
                0x00401094                configure_camera
 .text.osc_get_rate
                0x00401168       0x74 src/ov2640.o
 .text.sysclk_get_main_hz
                0x004011dc       0x1c src/ov2640.o
 .text.sysclk_get_cpu_hz
                0x004011f8       0x14 src/ov2640.o
 .text.ov_id    0x0040120c       0x70 src/ov2640.o
 .text.ov_manufacturer
                0x0040127c       0x78 src/ov2640.o
 .text.ov_test_write
                0x004012f4       0xb0 src/ov2640.o
 .text.ov_read_reg
                0x004013a4       0x24 src/ov2640.o
                0x004013a4                ov_read_reg
 .text.ov_write_reg
                0x004013c8       0x24 src/ov2640.o
                0x004013c8                ov_write_reg
 .text.ov_write_regs
                0x004013ec       0xd4 src/ov2640.o
                0x004013ec                ov_write_regs
 .text.ov_init  0x004014c0       0x8c src/ov2640.o
                0x004014c0                ov_init
 .text.ov_configure
                0x0040154c      0x13c src/ov2640.o
                0x0040154c                ov_configure
 .text.NVIC_EnableIRQ
                0x00401688       0x30 src/timer_interface.o
 .text.osc_get_rate
                0x004016b8       0x74 src/timer_interface.o
 .text.sysclk_get_main_hz
                0x0040172c       0x1c src/timer_interface.o
 .text.sysclk_get_cpu_hz
                0x00401748       0x14 src/timer_interface.o
 .text.TC0_Handler
                0x0040175c       0x3c src/timer_interface.o
                0x0040175c                TC0_Handler
 .text.configure_tc
                0x00401798       0x8c src/timer_interface.o
                0x00401798                configure_tc
 .text.NVIC_EnableIRQ
                0x00401824       0x30 src/wifi.o
 .text.osc_get_rate
                0x00401854       0x74 src/wifi.o
 .text.sysclk_get_main_hz
                0x004018c8       0x1c src/wifi.o
 .text.sysclk_get_peripheral_hz
                0x004018e4       0x14 src/wifi.o
 .text.sysclk_enable_peripheral_clock
                0x004018f8       0x1c src/wifi.o
 .text.USART0_Handler
                0x00401914       0x54 src/wifi.o
                0x00401914                USART0_Handler
 .text.wifi_command_response_handler
                0x00401968       0x50 src/wifi.o
                0x00401968                wifi_command_response_handler
 .text.wifi_web_setup_handler
                0x004019b8       0x20 src/wifi.o
                0x004019b8                wifi_web_setup_handler
 .text.configure_usart_wifi
                0x004019d8       0xb0 src/wifi.o
                0x004019d8                configure_usart_wifi
 .text.configure_wifi_comm_pin
                0x00401a88       0x60 src/wifi.o
                0x00401a88                configure_wifi_comm_pin
 .text.configure_wifi_web_setup_pin
                0x00401ae8       0x60 src/wifi.o
                0x00401ae8                configure_wifi_web_setup_pin
 .text.process_incoming_byte_wifi
                0x00401b48       0x30 src/wifi.o
                0x00401b48                process_incoming_byte_wifi
 .text.process_data_wifi
                0x00401b78      0x18c src/wifi.o
                0x00401b78                process_data_wifi
 .text.write_wifi_command
                0x00401d04       0x58 src/wifi.o
                0x00401d04                write_wifi_command
 .text.write_image_to_file
                0x00401d5c       0x8c src/wifi.o
                0x00401d5c                write_image_to_file
 .text.osc_enable
                0x00401de8       0x88 src/ASF/common/services/clock/sam4s/sysclk.o
 .text.osc_is_ready
                0x00401e70       0x70 src/ASF/common/services/clock/sam4s/sysclk.o
 .text.osc_get_rate
                0x00401ee0       0x74 src/ASF/common/services/clock/sam4s/sysclk.o
 .text.osc_wait_ready
                0x00401f54       0x2c src/ASF/common/services/clock/sam4s/sysclk.o
 .text.pll_config_init
                0x00401f80       0x54 src/ASF/common/services/clock/sam4s/sysclk.o
 .text.pll_enable
                0x00401fd4       0x44 src/ASF/common/services/clock/sam4s/sysclk.o
 .text.pll_is_locked
                0x00402018       0x2c src/ASF/common/services/clock/sam4s/sysclk.o
 .text.pll_enable_source
                0x00402044       0x38 src/ASF/common/services/clock/sam4s/sysclk.o
 .text.pll_wait_for_lock
                0x0040207c       0x24 src/ASF/common/services/clock/sam4s/sysclk.o
 .text.sysclk_get_main_hz
                0x004020a0       0x1c src/ASF/common/services/clock/sam4s/sysclk.o
 .text.sysclk_get_cpu_hz
                0x004020bc       0x14 src/ASF/common/services/clock/sam4s/sysclk.o
 .text.sysclk_init
                0x004020d0       0x70 src/ASF/common/services/clock/sam4s/sysclk.o
                0x004020d0                sysclk_init
 .text.pio_pull_up
                0x00402140       0x2a src/ASF/sam/drivers/pio/pio.o
                0x00402140                pio_pull_up
 .text.pio_set_debounce_filter
                0x0040216a       0x36 src/ASF/sam/drivers/pio/pio.o
                0x0040216a                pio_set_debounce_filter
 .text.pio_set_peripheral
                0x004021a0      0x10e src/ASF/sam/drivers/pio/pio.o
                0x004021a0                pio_set_peripheral
 *fill*         0x004022ae        0x2 
 .text.pio_set_input
                0x004022b0       0x80 src/ASF/sam/drivers/pio/pio.o
                0x004022b0                pio_set_input
 .text.pio_set_output
                0x00402330       0x64 src/ASF/sam/drivers/pio/pio.o
                0x00402330                pio_set_output
 .text.pio_configure_interrupt
                0x00402394       0x6a src/ASF/sam/drivers/pio/pio.o
                0x00402394                pio_configure_interrupt
 .text.pio_enable_interrupt
                0x004023fe       0x1a src/ASF/sam/drivers/pio/pio.o
                0x004023fe                pio_enable_interrupt
 .text.pio_disable_interrupt
                0x00402418       0x1a src/ASF/sam/drivers/pio/pio.o
                0x00402418                pio_disable_interrupt
 .text.pio_get_interrupt_status
                0x00402432       0x16 src/ASF/sam/drivers/pio/pio.o
                0x00402432                pio_get_interrupt_status
 .text.pio_get_interrupt_mask
                0x00402448       0x16 src/ASF/sam/drivers/pio/pio.o
                0x00402448                pio_get_interrupt_mask
 *fill*         0x0040245e        0x2 
 .text.pio_set_pin_high
                0x00402460       0x30 src/ASF/sam/drivers/pio/pio.o
                0x00402460                pio_set_pin_high
 .text.pio_configure_pin
                0x00402490      0x1b0 src/ASF/sam/drivers/pio/pio.o
                0x00402490                pio_configure_pin
 .text.pio_get_pin_group
                0x00402640       0x24 src/ASF/sam/drivers/pio/pio.o
                0x00402640                pio_get_pin_group
 .text.pio_capture_enable
                0x00402664       0x2c src/ASF/sam/drivers/pio/pio.o
                0x00402664                pio_capture_enable
 .text.pio_capture_disable
                0x00402690       0x2c src/ASF/sam/drivers/pio/pio.o
                0x00402690                pio_capture_disable
 .text.pmc_switch_mck_to_pllack
                0x004026bc       0x80 src/ASF/sam/drivers/pmc/pmc.o
                0x004026bc                pmc_switch_mck_to_pllack
 .text.pmc_switch_sclk_to_32kxtal
                0x0040273c       0x38 src/ASF/sam/drivers/pmc/pmc.o
                0x0040273c                pmc_switch_sclk_to_32kxtal
 .text.pmc_osc_is_ready_32kxtal
                0x00402774       0x34 src/ASF/sam/drivers/pmc/pmc.o
                0x00402774                pmc_osc_is_ready_32kxtal
 .text.pmc_switch_mainck_to_fastrc
                0x004027a8       0x70 src/ASF/sam/drivers/pmc/pmc.o
                0x004027a8                pmc_switch_mainck_to_fastrc
 .text.pmc_switch_mainck_to_xtal
                0x00402818       0x78 src/ASF/sam/drivers/pmc/pmc.o
                0x00402818                pmc_switch_mainck_to_xtal
 .text.pmc_osc_is_ready_mainck
                0x00402890       0x18 src/ASF/sam/drivers/pmc/pmc.o
                0x00402890                pmc_osc_is_ready_mainck
 .text.pmc_disable_pllack
                0x004028a8       0x18 src/ASF/sam/drivers/pmc/pmc.o
                0x004028a8                pmc_disable_pllack
 .text.pmc_is_locked_pllack
                0x004028c0       0x18 src/ASF/sam/drivers/pmc/pmc.o
                0x004028c0                pmc_is_locked_pllack
 .text.pmc_enable_pllbck
                0x004028d8       0x50 src/ASF/sam/drivers/pmc/pmc.o
                0x004028d8                pmc_enable_pllbck
 .text.pmc_disable_pllbck
                0x00402928       0x18 src/ASF/sam/drivers/pmc/pmc.o
                0x00402928                pmc_disable_pllbck
 .text.pmc_is_locked_pllbck
                0x00402940       0x18 src/ASF/sam/drivers/pmc/pmc.o
                0x00402940                pmc_is_locked_pllbck
 .text.pmc_enable_periph_clk
                0x00402958       0x80 src/ASF/sam/drivers/pmc/pmc.o
                0x00402958                pmc_enable_periph_clk
 .text.sysclk_enable_peripheral_clock
                0x004029d8       0x1c src/ASF/common/boards/user_board/init.o
 .text.ioport_init
                0x004029f4       0x18 src/ASF/common/boards/user_board/init.o
 .text.ioport_set_pin_mode
                0x00402a0c      0x11a src/ASF/common/boards/user_board/init.o
 .text.ioport_set_pin_dir
                0x00402b26       0x86 src/ASF/common/boards/user_board/init.o
 .text.ioport_set_pin_level
                0x00402bac       0x6a src/ASF/common/boards/user_board/init.o
 *fill*         0x00402c16        0x2 
 .text.board_init
                0x00402c18       0x5c src/ASF/common/boards/user_board/init.o
                0x00402c18                board_init
 .text.Reset_Handler
                0x00402c74       0xc8 src/ASF/sam/utils/cmsis/sam4s/source/templates/gcc/startup_sam4s.o
                0x00402c74                Reset_Handler
 .text.Dummy_Handler
                0x00402d3c        0x6 src/ASF/sam/utils/cmsis/sam4s/source/templates/gcc/startup_sam4s.o
                0x00402d3c                DACC_Handler
                0x00402d3c                DebugMon_Handler
                0x00402d3c                HardFault_Handler
                0x00402d3c                TC2_Handler
                0x00402d3c                SPI_Handler
                0x00402d3c                SysTick_Handler
                0x00402d3c                TWI1_Handler
                0x00402d3c                PendSV_Handler
                0x00402d3c                NMI_Handler
                0x00402d3c                ADC_Handler
                0x00402d3c                CRCCU_Handler
                0x00402d3c                RTT_Handler
                0x00402d3c                RTC_Handler
                0x00402d3c                UsageFault_Handler
                0x00402d3c                WDT_Handler
                0x00402d3c                TC1_Handler
                0x00402d3c                HSMCI_Handler
                0x00402d3c                UART1_Handler
                0x00402d3c                Dummy_Handler
                0x00402d3c                TWI0_Handler
                0x00402d3c                USART1_Handler
                0x00402d3c                SSC_Handler
                0x00402d3c                EFC0_Handler
                0x00402d3c                ACC_Handler
                0x00402d3c                PMC_Handler
                0x00402d3c                PWM_Handler
                0x00402d3c                MemManage_Handler
                0x00402d3c                SUPC_Handler
                0x00402d3c                SVC_Handler
                0x00402d3c                UART0_Handler
                0x00402d3c                UDP_Handler
                0x00402d3c                BusFault_Handler
                0x00402d3c                RSTC_Handler
 *fill*         0x00402d42        0x2 
 .text.SystemCoreClockUpdate
                0x00402d44      0x198 src/ASF/sam/utils/cmsis/sam4s/source/templates/system_sam4s.o
                0x00402d44                SystemCoreClockUpdate
 .text.system_init_flash
                0x00402edc       0x94 src/ASF/sam/utils/cmsis/sam4s/source/templates/system_sam4s.o
                0x00402edc                system_init_flash
 .text._sbrk    0x00402f70       0x58 src/ASF/sam/utils/syscalls/gcc/syscalls.o
                0x00402f70                _sbrk
 .text.osc_get_rate
                0x00402fc8       0x74 src/main.o
 .text.sysclk_get_main_hz
                0x0040303c       0x1c src/main.o
 .text.sysclk_get_cpu_hz
                0x00403058       0x14 src/main.o
 .text.ioport_set_pin_level
                0x0040306c       0x6a src/main.o
 .text.ioport_get_pin_level
                0x004030d6       0x4e src/main.o
 .text.main     0x00403124      0x2d8 src/main.o
                0x00403124                main
 .text          0x004033fc       0x30 c:/program files (x86)/atmel/studio/7.0/toolchain/arm/arm-gnu-toolchain/bin/../lib/gcc/arm-none-eabi/6.3.1/thumb/v7e-m\libgcc.a(_aeabi_uldivmod.o)
                0x004033fc                __aeabi_uldivmod
 .text          0x0040342c      0x2dc c:/program files (x86)/atmel/studio/7.0/toolchain/arm/arm-gnu-toolchain/bin/../lib/gcc/arm-none-eabi/6.3.1/thumb/v7e-m\libgcc.a(_udivmoddi4.o)
                0x0040342c                __udivmoddi4
 .text          0x00403708        0x4 c:/program files (x86)/atmel/studio/7.0/toolchain/arm/arm-gnu-toolchain/bin/../lib/gcc/arm-none-eabi/6.3.1/thumb/v7e-m\libgcc.a(_dvmd_tls.o)
                0x00403708                __aeabi_idiv0
                0x00403708                __aeabi_ldiv0
 .text.__libc_init_array
                0x0040370c       0x50 c:/program files (x86)/atmel/studio/7.0/toolchain/arm/arm-gnu-toolchain/bin/../lib/gcc/arm-none-eabi/6.3.1/../../../../arm-none-eabi/lib/thumb/v7e-m\libc.a(lib_a-init.o)
                0x0040370c                __libc_init_array
 .text.memset   0x0040375c       0x9c c:/program files (x86)/atmel/studio/7.0/toolchain/arm/arm-gnu-toolchain/bin/../lib/gcc/arm-none-eabi/6.3.1/../../../../arm-none-eabi/lib/thumb/v7e-m\libc.a(lib_a-memset.o)
                0x0040375c                memset
 .text.sprintf  0x004037f8       0x4c c:/program files (x86)/atmel/studio/7.0/toolchain/arm/arm-gnu-toolchain/bin/../lib/gcc/arm-none-eabi/6.3.1/../../../../arm-none-eabi/lib/thumb/v7e-m\libc.a(lib_a-sprintf.o)
                0x004037f8                sprintf
 .text.critical_factorization
                0x00403844       0xb4 c:/program files (x86)/atmel/studio/7.0/toolchain/arm/arm-gnu-toolchain/bin/../lib/gcc/arm-none-eabi/6.3.1/../../../../arm-none-eabi/lib/thumb/v7e-m\libc.a(lib_a-strstr.o)
 .text.two_way_long_needle
                0x004038f8      0x1fc c:/program files (x86)/atmel/studio/7.0/toolchain/arm/arm-gnu-toolchain/bin/../lib/gcc/arm-none-eabi/6.3.1/../../../../arm-none-eabi/lib/thumb/v7e-m\libc.a(lib_a-strstr.o)
 .text.strstr   0x00403af4      0x218 c:/program files (x86)/atmel/studio/7.0/toolchain/arm/arm-gnu-toolchain/bin/../lib/gcc/arm-none-eabi/6.3.1/../../../../arm-none-eabi/lib/thumb/v7e-m\libc.a(lib_a-strstr.o)
                0x00403af4                strstr
 .text._svfprintf_r
                0x00403d0c     0x145c c:/program files (x86)/atmel/studio/7.0/toolchain/arm/arm-gnu-toolchain/bin/../lib/gcc/arm-none-eabi/6.3.1/../../../../arm-none-eabi/lib/thumb/v7e-m\libc.a(lib_a-svfprintf.o)
                0x00403d0c                _svfprintf_r
 .text.startup.register_fini
                0x00405168       0x14 c:/program files (x86)/atmel/studio/7.0/toolchain/arm/arm-gnu-toolchain/bin/../lib/gcc/arm-none-eabi/6.3.1/../../../../arm-none-eabi/lib/thumb/v7e-m\libc.a(lib_a-__call_atexit.o)
 .text.atexit   0x0040517c        0xc c:/program files (x86)/atmel/studio/7.0/toolchain/arm/arm-gnu-toolchain/bin/../lib/gcc/arm-none-eabi/6.3.1/../../../../arm-none-eabi/lib/thumb/v7e-m\libc.a(lib_a-atexit.o)
                0x0040517c                atexit
 .text.quorem   0x00405188      0x128 c:/program files (x86)/atmel/studio/7.0/toolchain/arm/arm-gnu-toolchain/bin/../lib/gcc/arm-none-eabi/6.3.1/../../../../arm-none-eabi/lib/thumb/v7e-m\libc.a(lib_a-dtoa.o)
 .text._dtoa_r  0x004052b0      0xe54 c:/program files (x86)/atmel/studio/7.0/toolchain/arm/arm-gnu-toolchain/bin/../lib/gcc/arm-none-eabi/6.3.1/../../../../arm-none-eabi/lib/thumb/v7e-m\libc.a(lib_a-dtoa.o)
                0x004052b0                _dtoa_r
 .text.__libc_fini_array
                0x00406104       0x34 c:/program files (x86)/atmel/studio/7.0/toolchain/arm/arm-gnu-toolchain/bin/../lib/gcc/arm-none-eabi/6.3.1/../../../../arm-none-eabi/lib/thumb/v7e-m\libc.a(lib_a-fini.o)
                0x00406104                __libc_fini_array
 .text._localeconv_r
                0x00406138       0x1c c:/program files (x86)/atmel/studio/7.0/toolchain/arm/arm-gnu-toolchain/bin/../lib/gcc/arm-none-eabi/6.3.1/../../../../arm-none-eabi/lib/thumb/v7e-m\libc.a(lib_a-localeconv.o)
                0x00406138                _localeconv_r
 .text.__retarget_lock_acquire_recursive
                0x00406154        0x4 c:/program files (x86)/atmel/studio/7.0/toolchain/arm/arm-gnu-toolchain/bin/../lib/gcc/arm-none-eabi/6.3.1/../../../../arm-none-eabi/lib/thumb/v7e-m\libc.a(lib_a-lock.o)
                0x00406154                __retarget_lock_acquire_recursive
 .text.__retarget_lock_release_recursive
                0x00406158        0x4 c:/program files (x86)/atmel/studio/7.0/toolchain/arm/arm-gnu-toolchain/bin/../lib/gcc/arm-none-eabi/6.3.1/../../../../arm-none-eabi/lib/thumb/v7e-m\libc.a(lib_a-lock.o)
                0x00406158                __retarget_lock_release_recursive
 .text._malloc_r
                0x0040615c      0x560 c:/program files (x86)/atmel/studio/7.0/toolchain/arm/arm-gnu-toolchain/bin/../lib/gcc/arm-none-eabi/6.3.1/../../../../arm-none-eabi/lib/thumb/v7e-m\libc.a(lib_a-mallocr.o)
                0x0040615c                _malloc_r
 *fill*         0x004066bc        0x4 
 .text          0x004066c0       0xa0 c:/program files (x86)/atmel/studio/7.0/toolchain/arm/arm-gnu-toolchain/bin/../lib/gcc/arm-none-eabi/6.3.1/../../../../arm-none-eabi/lib/thumb/v7e-m\libc.a(lib_a-memchr.o)
                0x004066c0                memchr
 .text.memcmp   0x00406760       0x60 c:/program files (x86)/atmel/studio/7.0/toolchain/arm/arm-gnu-toolchain/bin/../lib/gcc/arm-none-eabi/6.3.1/../../../../arm-none-eabi/lib/thumb/v7e-m\libc.a(lib_a-memcmp.o)
                0x00406760                memcmp
 .text          0x004067c0      0x134 c:/program files (x86)/atmel/studio/7.0/toolchain/arm/arm-gnu-toolchain/bin/../lib/gcc/arm-none-eabi/6.3.1/../../../../arm-none-eabi/lib/thumb/v7e-m\libc.a(lib_a-memcpy.o)
                0x004067c0                memcpy
 .text.__malloc_lock
                0x004068f4        0xc c:/program files (x86)/atmel/studio/7.0/toolchain/arm/arm-gnu-toolchain/bin/../lib/gcc/arm-none-eabi/6.3.1/../../../../arm-none-eabi/lib/thumb/v7e-m\libc.a(lib_a-mlock.o)
                0x004068f4                __malloc_lock
 .text.__malloc_unlock
                0x00406900        0xc c:/program files (x86)/atmel/studio/7.0/toolchain/arm/arm-gnu-toolchain/bin/../lib/gcc/arm-none-eabi/6.3.1/../../../../arm-none-eabi/lib/thumb/v7e-m\libc.a(lib_a-mlock.o)
                0x00406900                __malloc_unlock
 .text._Balloc  0x0040690c       0x4c c:/program files (x86)/atmel/studio/7.0/toolchain/arm/arm-gnu-toolchain/bin/../lib/gcc/arm-none-eabi/6.3.1/../../../../arm-none-eabi/lib/thumb/v7e-m\libc.a(lib_a-mprec.o)
                0x0040690c                _Balloc
 .text._Bfree   0x00406958       0x14 c:/program files (x86)/atmel/studio/7.0/toolchain/arm/arm-gnu-toolchain/bin/../lib/gcc/arm-none-eabi/6.3.1/../../../../arm-none-eabi/lib/thumb/v7e-m\libc.a(lib_a-mprec.o)
                0x00406958                _Bfree
 .text.__multadd
                0x0040696c       0x80 c:/program files (x86)/atmel/studio/7.0/toolchain/arm/arm-gnu-toolchain/bin/../lib/gcc/arm-none-eabi/6.3.1/../../../../arm-none-eabi/lib/thumb/v7e-m\libc.a(lib_a-mprec.o)
                0x0040696c                __multadd
 .text.__hi0bits
                0x004069ec       0x40 c:/program files (x86)/atmel/studio/7.0/toolchain/arm/arm-gnu-toolchain/bin/../lib/gcc/arm-none-eabi/6.3.1/../../../../arm-none-eabi/lib/thumb/v7e-m\libc.a(lib_a-mprec.o)
                0x004069ec                __hi0bits
 .text.__lo0bits
                0x00406a2c       0x60 c:/program files (x86)/atmel/studio/7.0/toolchain/arm/arm-gnu-toolchain/bin/../lib/gcc/arm-none-eabi/6.3.1/../../../../arm-none-eabi/lib/thumb/v7e-m\libc.a(lib_a-mprec.o)
                0x00406a2c                __lo0bits
 .text.__i2b    0x00406a8c       0x14 c:/program files (x86)/atmel/studio/7.0/toolchain/arm/arm-gnu-toolchain/bin/../lib/gcc/arm-none-eabi/6.3.1/../../../../arm-none-eabi/lib/thumb/v7e-m\libc.a(lib_a-mprec.o)
                0x00406a8c                __i2b
 .text.__multiply
                0x00406aa0      0x124 c:/program files (x86)/atmel/studio/7.0/toolchain/arm/arm-gnu-toolchain/bin/../lib/gcc/arm-none-eabi/6.3.1/../../../../arm-none-eabi/lib/thumb/v7e-m\libc.a(lib_a-mprec.o)
                0x00406aa0                __multiply
 .text.__pow5mult
                0x00406bc4       0xa0 c:/program files (x86)/atmel/studio/7.0/toolchain/arm/arm-gnu-toolchain/bin/../lib/gcc/arm-none-eabi/6.3.1/../../../../arm-none-eabi/lib/thumb/v7e-m\libc.a(lib_a-mprec.o)
                0x00406bc4                __pow5mult
 .text.__lshift
                0x00406c64       0xa4 c:/program files (x86)/atmel/studio/7.0/toolchain/arm/arm-gnu-toolchain/bin/../lib/gcc/arm-none-eabi/6.3.1/../../../../arm-none-eabi/lib/thumb/v7e-m\libc.a(lib_a-mprec.o)
                0x00406c64                __lshift
 .text.__mcmp   0x00406d08       0x38 c:/program files (x86)/atmel/studio/7.0/toolchain/arm/arm-gnu-toolchain/bin/../lib/gcc/arm-none-eabi/6.3.1/../../../../arm-none-eabi/lib/thumb/v7e-m\libc.a(lib_a-mprec.o)
                0x00406d08                __mcmp
 .text.__mdiff  0x00406d40      0x108 c:/program files (x86)/atmel/studio/7.0/toolchain/arm/arm-gnu-toolchain/bin/../lib/gcc/arm-none-eabi/6.3.1/../../../../arm-none-eabi/lib/thumb/v7e-m\libc.a(lib_a-mprec.o)
                0x00406d40                __mdiff
 .text.__d2b    0x00406e48       0xb8 c:/program files (x86)/atmel/studio/7.0/toolchain/arm/arm-gnu-toolchain/bin/../lib/gcc/arm-none-eabi/6.3.1/../../../../arm-none-eabi/lib/thumb/v7e-m\libc.a(lib_a-mprec.o)
                0x00406e48                __d2b
 .text._sbrk_r  0x00406f00       0x24 c:/program files (x86)/atmel/studio/7.0/toolchain/arm/arm-gnu-toolchain/bin/../lib/gcc/arm-none-eabi/6.3.1/../../../../arm-none-eabi/lib/thumb/v7e-m\libc.a(lib_a-sbrkr.o)
                0x00406f00                _sbrk_r
 .text.strchr   0x00406f24       0xe8 c:/program files (x86)/atmel/studio/7.0/toolchain/arm/arm-gnu-toolchain/bin/../lib/gcc/arm-none-eabi/6.3.1/../../../../arm-none-eabi/lib/thumb/v7e-m\libc.a(lib_a-strchr.o)
                0x00406f24                strchr
 *fill*         0x0040700c       0x34 
 .text          0x00407040       0xdc c:/program files (x86)/atmel/studio/7.0/toolchain/arm/arm-gnu-toolchain/bin/../lib/gcc/arm-none-eabi/6.3.1/../../../../arm-none-eabi/lib/thumb/v7e-m\libc.a(lib_a-strlen.o)
                0x00407040                strlen
 .text.__ssprint_r
                0x0040711c       0xfc c:/program files (x86)/atmel/studio/7.0/toolchain/arm/arm-gnu-toolchain/bin/../lib/gcc/arm-none-eabi/6.3.1/../../../../arm-none-eabi/lib/thumb/v7e-m\libc.a(lib_a-svfiprintf.o)
                0x0040711c                __ssprint_r
 .text.__register_exitproc
                0x00407218       0xc4 c:/program files (x86)/atmel/studio/7.0/toolchain/arm/arm-gnu-toolchain/bin/../lib/gcc/arm-none-eabi/6.3.1/../../../../arm-none-eabi/lib/thumb/v7e-m\libc.a(lib_a-__atexit.o)
                0x00407218                __register_exitproc
 .text._calloc_r
                0x004072dc       0x60 c:/program files (x86)/atmel/studio/7.0/toolchain/arm/arm-gnu-toolchain/bin/../lib/gcc/arm-none-eabi/6.3.1/../../../../arm-none-eabi/lib/thumb/v7e-m\libc.a(lib_a-callocr.o)
                0x004072dc                _calloc_r
 .text._malloc_trim_r
                0x0040733c       0xa0 c:/program files (x86)/atmel/studio/7.0/toolchain/arm/arm-gnu-toolchain/bin/../lib/gcc/arm-none-eabi/6.3.1/../../../../arm-none-eabi/lib/thumb/v7e-m\libc.a(lib_a-freer.o)
                0x0040733c                _malloc_trim_r
 .text._free_r  0x004073dc      0x1cc c:/program files (x86)/atmel/studio/7.0/toolchain/arm/arm-gnu-toolchain/bin/../lib/gcc/arm-none-eabi/6.3.1/../../../../arm-none-eabi/lib/thumb/v7e-m\libc.a(lib_a-freer.o)
                0x004073dc                _free_r
 .text.__ascii_mbtowc
                0x004075a8       0x2c c:/program files (x86)/atmel/studio/7.0/toolchain/arm/arm-gnu-toolchain/bin/../lib/gcc/arm-none-eabi/6.3.1/../../../../arm-none-eabi/lib/thumb/v7e-m\libc.a(lib_a-mbtowc_r.o)
                0x004075a8                __ascii_mbtowc
 .text.memmove  0x004075d4       0xc8 c:/program files (x86)/atmel/studio/7.0/toolchain/arm/arm-gnu-toolchain/bin/../lib/gcc/arm-none-eabi/6.3.1/../../../../arm-none-eabi/lib/thumb/v7e-m\libc.a(lib_a-memmove.o)
                0x004075d4                memmove
 .text._realloc_r
                0x0040769c      0x34c c:/program files (x86)/atmel/studio/7.0/toolchain/arm/arm-gnu-toolchain/bin/../lib/gcc/arm-none-eabi/6.3.1/../../../../arm-none-eabi/lib/thumb/v7e-m\libc.a(lib_a-reallocr.o)
                0x0040769c                _realloc_r
 .text.__ascii_wctomb
                0x004079e8       0x1c c:/program files (x86)/atmel/studio/7.0/toolchain/arm/arm-gnu-toolchain/bin/../lib/gcc/arm-none-eabi/6.3.1/../../../../arm-none-eabi/lib/thumb/v7e-m\libc.a(lib_a-wctomb_r.o)
                0x004079e8                __ascii_wctomb
 .text          0x00407a04      0x370 c:/program files (x86)/atmel/studio/7.0/toolchain/arm/arm-gnu-toolchain/bin/../lib/gcc/arm-none-eabi/6.3.1/thumb/v7e-m\libgcc.a(_arm_addsubdf3.o)
                0x00407a04                __aeabi_drsub
                0x00407a0c                __aeabi_dsub
                0x00407a0c                __subdf3
                0x00407a10                __aeabi_dadd
                0x00407a10                __adddf3
                0x00407c88                __floatunsidf
                0x00407c88                __aeabi_ui2d
                0x00407ca8                __floatsidf
                0x00407ca8                __aeabi_i2d
                0x00407ccc                __aeabi_f2d
                0x00407ccc                __extendsfdf2
                0x00407d08                __floatundidf
                0x00407d08                __aeabi_ul2d
                0x00407d18                __floatdidf
                0x00407d18                __aeabi_l2d
 .text          0x00407d74      0x424 c:/program files (x86)/atmel/studio/7.0/toolchain/arm/arm-gnu-toolchain/bin/../lib/gcc/arm-none-eabi/6.3.1/thumb/v7e-m\libgcc.a(_arm_muldivdf3.o)
                0x00407d74                __aeabi_dmul
                0x00407d74                __muldf3
                0x00407fc8                __divdf3
                0x00407fc8                __aeabi_ddiv
 .text          0x00408198      0x110 c:/program files (x86)/atmel/studio/7.0/toolchain/arm/arm-gnu-toolchain/bin/../lib/gcc/arm-none-eabi/6.3.1/thumb/v7e-m\libgcc.a(_arm_cmpdf2.o)
                0x00408198                __gtdf2
                0x00408198                __gedf2
                0x004081a0                __ltdf2
                0x004081a0                __ledf2
                0x004081a8                __nedf2
                0x004081a8                __eqdf2
                0x004081a8                __cmpdf2
                0x00408224                __aeabi_cdrcmple
                0x00408234                __aeabi_cdcmpeq
                0x00408234                __aeabi_cdcmple
                0x00408244                __aeabi_dcmpeq
                0x00408258                __aeabi_dcmplt
                0x0040826c                __aeabi_dcmple
                0x00408280                __aeabi_dcmpge
                0x00408294                __aeabi_dcmpgt
 .text          0x004082a8       0x2c c:/program files (x86)/atmel/studio/7.0/toolchain/arm/arm-gnu-toolchain/bin/../lib/gcc/arm-none-eabi/6.3.1/thumb/v7e-m\libgcc.a(_arm_unorddf2.o)
                0x004082a8                __unorddf2
                0x004082a8                __aeabi_dcmpun
 .text          0x004082d4       0x50 c:/program files (x86)/atmel/studio/7.0/toolchain/arm/arm-gnu-toolchain/bin/../lib/gcc/arm-none-eabi/6.3.1/thumb/v7e-m\libgcc.a(_arm_fixdfsi.o)
                0x004082d4                __aeabi_d2iz
                0x004082d4                __fixdfsi
 *(.glue_7t)
 .glue_7t       0x00408324        0x0 linker stubs
 *(.glue_7)
 .glue_7        0x00408324        0x0 linker stubs
 *(.rodata .rodata* .gnu.linkonce.r.*)
 .rodata.OV2640_JPEG_INIT
                0x00408324      0x17e src/ov2640_table_registers.o
                0x00408324                OV2640_JPEG_INIT
 *fill*         0x004084a2        0x2 
 .rodata.OV2640_YUV422
                0x004084a4       0x14 src/ov2640_table_registers.o
                0x004084a4                OV2640_YUV422
 .rodata.OV2640_JPEG
                0x004084b8       0x12 src/ov2640_table_registers.o
                0x004084b8                OV2640_JPEG
 *fill*         0x004084ca        0x2 
 .rodata.OV2640_JPEG_320x240
                0x004084cc       0x50 src/ov2640_table_registers.o
                0x004084cc                OV2640_JPEG_320x240
 .rodata.OV2640_JPEG_640x480
                0x0040851c       0x52 src/ov2640_table_registers.o
                0x0040851c                OV2640_JPEG_640x480
 *fill*         0x0040856e        0x2 
 .rodata.OV2640_JPEG_800x600
                0x00408570       0x52 src/ov2640_table_registers.o
                0x00408570                OV2640_JPEG_800x600
 *fill*         0x004085c2        0x2 
 .rodata.OV2640_JPEG_1024x768
                0x004085c4       0x4e src/ov2640_table_registers.o
                0x004085c4                OV2640_JPEG_1024x768
 *fill*         0x00408612        0x2 
 .rodata.OV2640_JPEG_1280x1024
                0x00408614       0x52 src/ov2640_table_registers.o
                0x00408614                OV2640_JPEG_1280x1024
 *fill*         0x00408666        0x2 
 .rodata.OV2640_JPEG_1600x1200
                0x00408668       0x52 src/ov2640_table_registers.o
                0x00408668                OV2640_JPEG_1600x1200
 *fill*         0x004086ba        0x2 
 .rodata.OV2640_QVGA_YUV422_10FPS
                0x004086bc       0xf0 src/ov2640_table_registers.o
                0x004086bc                OV2640_QVGA_YUV422_10FPS
 .rodata.OV2640_QVGA_YUV422_15FPS
                0x004087ac       0xf0 src/ov2640_table_registers.o
                0x004087ac                OV2640_QVGA_YUV422_15FPS
 .rodata.OV2640_QVGA_YUV422_20FPS
                0x0040889c       0xf0 src/ov2640_table_registers.o
                0x0040889c                OV2640_QVGA_YUV422_20FPS
 .rodata.OV2640_QVGA_YUV422_30FPS
                0x0040898c       0xf0 src/ov2640_table_registers.o
                0x0040898c                OV2640_QVGA_YUV422_30FPS
 .rodata.OV2640_QVGA_RGB888
                0x00408a7c       0xf4 src/ov2640_table_registers.o
                0x00408a7c                OV2640_QVGA_RGB888
 .rodata.OV2640_QQVGA_YUV422
                0x00408b70       0xf4 src/ov2640_table_registers.o
                0x00408b70                OV2640_QQVGA_YUV422
 .rodata.OV2640_QQVGA_RGB888
                0x00408c64       0xf4 src/ov2640_table_registers.o
                0x00408c64                OV2640_QQVGA_RGB888
 .rodata.OV2640_TEST_PATTERN
                0x00408d58       0xf4 src/ov2640_table_registers.o
                0x00408d58                OV2640_TEST_PATTERN
 .rodata.OV2640_VGA_YUV422_20FPS
                0x00408e4c       0xf0 src/ov2640_table_registers.o
                0x00408e4c                OV2640_VGA_YUV422_20FPS
 .rodata        0x00408f3c       0x84 src/wifi.o
 .rodata        0x00408fc0       0x3f src/main.o
 *fill*         0x00408fff        0x1 
 .rodata._global_impure_ptr
                0x00409000        0x4 c:/program files (x86)/atmel/studio/7.0/toolchain/arm/arm-gnu-toolchain/bin/../lib/gcc/arm-none-eabi/6.3.1/../../../../arm-none-eabi/lib/thumb/v7e-m\libc.a(lib_a-impure.o)
                0x00409000                _global_impure_ptr
 .rodata._svfprintf_r.str1.4
                0x00409004       0x42 c:/program files (x86)/atmel/studio/7.0/toolchain/arm/arm-gnu-toolchain/bin/../lib/gcc/arm-none-eabi/6.3.1/../../../../arm-none-eabi/lib/thumb/v7e-m\libc.a(lib_a-svfprintf.o)
 *fill*         0x00409046        0x2 
 .rodata.blanks.7223
                0x00409048       0x10 c:/program files (x86)/atmel/studio/7.0/toolchain/arm/arm-gnu-toolchain/bin/../lib/gcc/arm-none-eabi/6.3.1/../../../../arm-none-eabi/lib/thumb/v7e-m\libc.a(lib_a-svfprintf.o)
 .rodata.zeroes.7224
                0x00409058       0x10 c:/program files (x86)/atmel/studio/7.0/toolchain/arm/arm-gnu-toolchain/bin/../lib/gcc/arm-none-eabi/6.3.1/../../../../arm-none-eabi/lib/thumb/v7e-m\libc.a(lib_a-svfprintf.o)
 .rodata._dtoa_r.str1.4
                0x00409068       0x10 c:/program files (x86)/atmel/studio/7.0/toolchain/arm/arm-gnu-toolchain/bin/../lib/gcc/arm-none-eabi/6.3.1/../../../../arm-none-eabi/lib/thumb/v7e-m\libc.a(lib_a-dtoa.o)
                                 0x12 (size before relaxing)
 .rodata.__mprec_bigtens
                0x00409078       0x28 c:/program files (x86)/atmel/studio/7.0/toolchain/arm/arm-gnu-toolchain/bin/../lib/gcc/arm-none-eabi/6.3.1/../../../../arm-none-eabi/lib/thumb/v7e-m\libc.a(lib_a-mprec.o)
                0x00409078                __mprec_bigtens
 .rodata.__mprec_tens
                0x004090a0       0xc8 c:/program files (x86)/atmel/studio/7.0/toolchain/arm/arm-gnu-toolchain/bin/../lib/gcc/arm-none-eabi/6.3.1/../../../../arm-none-eabi/lib/thumb/v7e-m\libc.a(lib_a-mprec.o)
                0x004090a0                __mprec_tens
 .rodata.p05.6055
                0x00409168        0xc c:/program files (x86)/atmel/studio/7.0/toolchain/arm/arm-gnu-toolchain/bin/../lib/gcc/arm-none-eabi/6.3.1/../../../../arm-none-eabi/lib/thumb/v7e-m\libc.a(lib_a-mprec.o)
 .rodata._setlocale_r.str1.4
                0x00409174        0xa c:/program files (x86)/atmel/studio/7.0/toolchain/arm/arm-gnu-toolchain/bin/../lib/gcc/arm-none-eabi/6.3.1/../../../../arm-none-eabi/lib/thumb/v7e-m\libc.a(lib_a-locale.o)
                                  0xd (size before relaxing)
 *fill*         0x0040917e        0x2 
 .rodata.str1.4
                0x00409180        0x4 c:/program files (x86)/atmel/studio/7.0/toolchain/arm/arm-gnu-toolchain/bin/../lib/gcc/arm-none-eabi/6.3.1/../../../../arm-none-eabi/lib/thumb/v7e-m\libc.a(lib_a-locale.o)
                                  0x2 (size before relaxing)
 .rodata._ctype_
                0x00409184      0x101 c:/program files (x86)/atmel/studio/7.0/toolchain/arm/arm-gnu-toolchain/bin/../lib/gcc/arm-none-eabi/6.3.1/../../../../arm-none-eabi/lib/thumb/v7e-m\libc.a(lib_a-ctype_.o)
                0x00409184                _ctype_
 *(.ARM.extab* .gnu.linkonce.armextab.*)
                0x00409288                . = ALIGN (0x4)
 *fill*         0x00409285        0x3 
 *(.init)
 .init          0x00409288        0x4 c:/program files (x86)/atmel/studio/7.0/toolchain/arm/arm-gnu-toolchain/bin/../lib/gcc/arm-none-eabi/6.3.1/thumb/v7e-m/crti.o
                0x00409288                _init
 .init          0x0040928c        0x8 c:/program files (x86)/atmel/studio/7.0/toolchain/arm/arm-gnu-toolchain/bin/../lib/gcc/arm-none-eabi/6.3.1/thumb/v7e-m/crtn.o
                0x00409294                . = ALIGN (0x4)
                0x00409294                __preinit_array_start = .
 *(.preinit_array)
                0x00409294                __preinit_array_end = .
                0x00409294                . = ALIGN (0x4)
                0x00409294                __init_array_start = .
 *(SORT(.init_array.*))
 .init_array.00000
                0x00409294        0x4 c:/program files (x86)/atmel/studio/7.0/toolchain/arm/arm-gnu-toolchain/bin/../lib/gcc/arm-none-eabi/6.3.1/../../../../arm-none-eabi/lib/thumb/v7e-m\libc.a(lib_a-__call_atexit.o)
 *(.init_array)
 .init_array    0x00409298        0x4 c:/program files (x86)/atmel/studio/7.0/toolchain/arm/arm-gnu-toolchain/bin/../lib/gcc/arm-none-eabi/6.3.1/thumb/v7e-m/crtbegin.o
                0x0040929c                __init_array_end = .
                0x0040929c                . = ALIGN (0x4)
 *crtbegin.o(.ctors)
 *(EXCLUDE_FILE(*crtend.o) .ctors)
 *(SORT(.ctors.*))
 *crtend.o(.ctors)
                0x0040929c                . = ALIGN (0x4)
 *(.fini)
 .fini          0x0040929c        0x4 c:/program files (x86)/atmel/studio/7.0/toolchain/arm/arm-gnu-toolchain/bin/../lib/gcc/arm-none-eabi/6.3.1/thumb/v7e-m/crti.o
                0x0040929c                _fini
 .fini          0x004092a0        0x8 c:/program files (x86)/atmel/studio/7.0/toolchain/arm/arm-gnu-toolchain/bin/../lib/gcc/arm-none-eabi/6.3.1/thumb/v7e-m/crtn.o
                0x004092a8                . = ALIGN (0x4)
                0x004092a8                __fini_array_start = .
 *(.fini_array)
 .fini_array    0x004092a8        0x4 c:/program files (x86)/atmel/studio/7.0/toolchain/arm/arm-gnu-toolchain/bin/../lib/gcc/arm-none-eabi/6.3.1/thumb/v7e-m/crtbegin.o
 *(SORT(.fini_array.*))
                0x004092ac                __fini_array_end = .
 *crtbegin.o(.dtors)
 *(EXCLUDE_FILE(*crtend.o) .dtors)
 *(SORT(.dtors.*))
 *crtend.o(.dtors)
                0x004092ac                . = ALIGN (0x4)
                0x004092ac                _efixed = .
                [!provide]                PROVIDE (__exidx_start, .)

.vfp11_veneer   0x004092ac        0x0
 .vfp11_veneer  0x004092ac        0x0 linker stubs

.v4_bx          0x004092ac        0x0
 .v4_bx         0x004092ac        0x0 linker stubs

.iplt           0x004092ac        0x0
 .iplt          0x004092ac        0x0 c:/program files (x86)/atmel/studio/7.0/toolchain/arm/arm-gnu-toolchain/bin/../lib/gcc/arm-none-eabi/6.3.1/thumb/v7e-m/crtbegin.o

.ARM.exidx      0x004092ac        0x8
 *(.ARM.exidx* .gnu.linkonce.armexidx.*)
 .ARM.exidx     0x004092ac        0x8 c:/program files (x86)/atmel/studio/7.0/toolchain/arm/arm-gnu-toolchain/bin/../lib/gcc/arm-none-eabi/6.3.1/thumb/v7e-m\libgcc.a(_udivmoddi4.o)
                [!provide]                PROVIDE (__exidx_end, .)

.eh_frame       0x004092b4        0x0
 .eh_frame      0x004092b4        0x0 c:/program files (x86)/atmel/studio/7.0/toolchain/arm/arm-gnu-toolchain/bin/../lib/gcc/arm-none-eabi/6.3.1/thumb/v7e-m/crtbegin.o

.rel.dyn        0x004092b4        0x0
 .rel.iplt      0x004092b4        0x0 c:/program files (x86)/atmel/studio/7.0/toolchain/arm/arm-gnu-toolchain/bin/../lib/gcc/arm-none-eabi/6.3.1/thumb/v7e-m/crtbegin.o

.jcr            0x004092b4        0x0
 .jcr           0x004092b4        0x0 c:/program files (x86)/atmel/studio/7.0/toolchain/arm/arm-gnu-toolchain/bin/../lib/gcc/arm-none-eabi/6.3.1/thumb/v7e-m/crtbegin.o

.igot.plt       0x004092b4        0x0
 .igot.plt      0x004092b4        0x0 c:/program files (x86)/atmel/studio/7.0/toolchain/arm/arm-gnu-toolchain/bin/../lib/gcc/arm-none-eabi/6.3.1/thumb/v7e-m/crtbegin.o
                0x004092b4                . = ALIGN (0x4)
                0x004092b4                _etext = .

.relocate       0x20000000      0x9c0 load address 0x004092b4
                0x20000000                . = ALIGN (0x4)
                0x20000000                _srelocate = .
 *(.ramfunc .ramfunc.*)
 .ramfunc       0x20000000        0xa src/ASF/common/services/delay/sam/cycle_counter.o
                0x20000000                portable_delay_cycles
 *(.data .data.*)
 *fill*         0x2000000a        0x2 
 .data.SystemCoreClock
                0x2000000c        0x4 src/ASF/sam/utils/cmsis/sam4s/source/templates/system_sam4s.o
                0x2000000c                SystemCoreClock
 .data._impure_ptr
                0x20000010        0x4 c:/program files (x86)/atmel/studio/7.0/toolchain/arm/arm-gnu-toolchain/bin/../lib/gcc/arm-none-eabi/6.3.1/../../../../arm-none-eabi/lib/thumb/v7e-m\libc.a(lib_a-impure.o)
                0x20000010                _impure_ptr
 *fill*         0x20000014        0x4 
 .data.impure_data
                0x20000018      0x428 c:/program files (x86)/atmel/studio/7.0/toolchain/arm/arm-gnu-toolchain/bin/../lib/gcc/arm-none-eabi/6.3.1/../../../../arm-none-eabi/lib/thumb/v7e-m\libc.a(lib_a-impure.o)
 .data.__atexit_recursive_mutex
                0x20000440        0x4 c:/program files (x86)/atmel/studio/7.0/toolchain/arm/arm-gnu-toolchain/bin/../lib/gcc/arm-none-eabi/6.3.1/../../../../arm-none-eabi/lib/thumb/v7e-m\libc.a(lib_a-__call_atexit.o)
                0x20000440                __atexit_recursive_mutex
 .data.__malloc_av_
                0x20000444      0x408 c:/program files (x86)/atmel/studio/7.0/toolchain/arm/arm-gnu-toolchain/bin/../lib/gcc/arm-none-eabi/6.3.1/../../../../arm-none-eabi/lib/thumb/v7e-m\libc.a(lib_a-mallocr.o)
                0x20000444                __malloc_av_
 .data.__malloc_sbrk_base
                0x2000084c        0x4 c:/program files (x86)/atmel/studio/7.0/toolchain/arm/arm-gnu-toolchain/bin/../lib/gcc/arm-none-eabi/6.3.1/../../../../arm-none-eabi/lib/thumb/v7e-m\libc.a(lib_a-mallocr.o)
                0x2000084c                __malloc_sbrk_base
 .data.__malloc_trim_threshold
                0x20000850        0x4 c:/program files (x86)/atmel/studio/7.0/toolchain/arm/arm-gnu-toolchain/bin/../lib/gcc/arm-none-eabi/6.3.1/../../../../arm-none-eabi/lib/thumb/v7e-m\libc.a(lib_a-mallocr.o)
                0x20000850                __malloc_trim_threshold
 .data.__global_locale
                0x20000854      0x16c c:/program files (x86)/atmel/studio/7.0/toolchain/arm/arm-gnu-toolchain/bin/../lib/gcc/arm-none-eabi/6.3.1/../../../../arm-none-eabi/lib/thumb/v7e-m\libc.a(lib_a-locale.o)
                0x20000854                __global_locale
                0x200009c0                . = ALIGN (0x4)
                0x200009c0                _erelocate = .

.bss            0x200009c0    0x18bc4 load address 0x00409c74
                0x200009c0                . = ALIGN (0x4)
                0x200009c0                _sbss = .
                0x200009c0                _szero = .
 *(.bss .bss.*)
 .bss           0x200009c0       0x1c c:/program files (x86)/atmel/studio/7.0/toolchain/arm/arm-gnu-toolchain/bin/../lib/gcc/arm-none-eabi/6.3.1/thumb/v7e-m/crtbegin.o
 .bss.gs_interrupt_sources
                0x200009dc       0x70 src/ASF/sam/drivers/pio/pio_handler.o
 .bss.gs_ul_nb_sources
                0x20000a4c        0x4 src/ASF/sam/drivers/pio/pio_handler.o
 .bss.pio_capture_handler
                0x20000a50        0x4 src/ASF/sam/drivers/pio/pio_handler.o
 .bss.ul_reg_val.7462
                0x20000a54        0x4 src/ASF/sam/drivers/usart/usart.o
 .bss.g_ul_vsync_flag
                0x20000a58        0x4 src/camera.o
 .bss.image_capture_success
                0x20000a5c        0x1 src/wifi.o
                0x20000a5c                image_capture_success
 .bss.image_transf_ready
                0x20000a5d        0x1 src/wifi.o
                0x20000a5d                image_transf_ready
 .bss.image_transf_complete
                0x20000a5e        0x1 src/wifi.o
                0x20000a5e                image_transf_complete
 *fill*         0x20000a5f        0x1 
 .bss.received_byte_wifi
                0x20000a60        0x4 src/wifi.o
                0x20000a60                received_byte_wifi
 .bss.new_rx_wifi
                0x20000a64        0x1 src/wifi.o
                0x20000a64                new_rx_wifi
 *fill*         0x20000a65        0x3 
 .bss.input_pos_wifi
                0x20000a68        0x4 src/wifi.o
                0x20000a68                input_pos_wifi
 .bss.ul_sysclk.8755
                0x20000a6c        0x4 src/wifi.o
 .bss.heap.5297
                0x20000a70        0x4 src/ASF/sam/utils/syscalls/gcc/syscalls.o
 .bss.__malloc_current_mallinfo
                0x20000a74       0x28 c:/program files (x86)/atmel/studio/7.0/toolchain/arm/arm-gnu-toolchain/bin/../lib/gcc/arm-none-eabi/6.3.1/../../../../arm-none-eabi/lib/thumb/v7e-m\libc.a(lib_a-mallocr.o)
                0x20000a74                __malloc_current_mallinfo
 .bss.__malloc_max_sbrked_mem
                0x20000a9c        0x4 c:/program files (x86)/atmel/studio/7.0/toolchain/arm/arm-gnu-toolchain/bin/../lib/gcc/arm-none-eabi/6.3.1/../../../../arm-none-eabi/lib/thumb/v7e-m\libc.a(lib_a-mallocr.o)
                0x20000a9c                __malloc_max_sbrked_mem
 .bss.__malloc_max_total_mem
                0x20000aa0        0x4 c:/program files (x86)/atmel/studio/7.0/toolchain/arm/arm-gnu-toolchain/bin/../lib/gcc/arm-none-eabi/6.3.1/../../../../arm-none-eabi/lib/thumb/v7e-m\libc.a(lib_a-mallocr.o)
                0x20000aa0                __malloc_max_total_mem
 .bss.__malloc_top_pad
                0x20000aa4        0x4 c:/program files (x86)/atmel/studio/7.0/toolchain/arm/arm-gnu-toolchain/bin/../lib/gcc/arm-none-eabi/6.3.1/../../../../arm-none-eabi/lib/thumb/v7e-m\libc.a(lib_a-mallocr.o)
                0x20000aa4                __malloc_top_pad
 *(COMMON)
 COMMON         0x20000aa8    0x18ab0 src/camera.o
                0x20000aa8                image_size
                0x20000aac                stream0_open
                0x20000ab0                input_line_wifi
                0x20000e98                stream4_open
                0x20000e99                stream2_open
                0x20000e9c                image_buff_addr
                0x20000ea0                stream3_open
                0x20000ea1                stream6_open
                0x20000ea2                stream5_open
                0x20000ea3                no_open_streams
                0x20000ea4                wifi_cmd_complete
                0x20000ea8                initiate_web_setup_flag
                0x20000eac                stream7_open
                0x20000eb0                startindex
                0x20000eb4                stream1_open
                0x20000eb5                counts
                0x20000eb8                image_buffer
 COMMON         0x20019558        0x4 src/ASF/sam/drivers/pio/pio.o
                0x20019558                pio_capture_enable_flag
 COMMON         0x2001955c       0x21 c:/program files (x86)/atmel/studio/7.0/toolchain/arm/arm-gnu-toolchain/bin/../lib/gcc/arm-none-eabi/6.3.1/../../../../arm-none-eabi/lib/thumb/v7e-m\libc.a(lib_a-lock.o)
                0x2001955c                __lock___atexit_recursive_mutex
                0x20019560                __lock___arc4random_mutex
                0x20019564                __lock___env_recursive_mutex
                0x20019568                __lock___sinit_recursive_mutex
                0x2001956c                __lock___malloc_recursive_mutex
                0x20019570                __lock___at_quick_exit_mutex
                0x20019574                __lock___dd_hash_mutex
                0x20019578                __lock___tz_mutex
                0x2001957c                __lock___sfp_recursive_mutex
 *fill*         0x2001957d        0x3 
 COMMON         0x20019580        0x4 c:/program files (x86)/atmel/studio/7.0/toolchain/arm/arm-gnu-toolchain/bin/../lib/gcc/arm-none-eabi/6.3.1/../../../../arm-none-eabi/lib/thumb/v7e-m\libc.a(lib_a-reent.o)
                0x20019580                errno
                0x20019584                . = ALIGN (0x4)
                0x20019584                _ebss = .
                0x20019584                _ezero = .

.stack          0x20019584     0x3004 load address 0x00422838
                0x20019588                . = ALIGN (0x8)
 *fill*         0x20019584        0x4 
                0x20019588                _sstack = .
                0x2001c588                . = (. + __stack_size__)
 *fill*         0x20019588     0x3000 
                0x2001c588                . = ALIGN (0x8)
                0x2001c588                _estack = .
                0x2001c588                . = ALIGN (0x4)
                0x2001c588                _end = .
OUTPUT(webcam_firmware_v0.elf elf32-littlearm)

.ARM.attributes
                0x00000000       0x2a
 .ARM.attributes
                0x00000000       0x1e c:/program files (x86)/atmel/studio/7.0/toolchain/arm/arm-gnu-toolchain/bin/../lib/gcc/arm-none-eabi/6.3.1/thumb/v7e-m/crti.o
 .ARM.attributes
                0x0000001e       0x2e c:/program files (x86)/atmel/studio/7.0/toolchain/arm/arm-gnu-toolchain/bin/../lib/gcc/arm-none-eabi/6.3.1/thumb/v7e-m/crtbegin.o
 .ARM.attributes
                0x0000004c       0x33 src/ASF/sam/drivers/pio/pio_handler.o
 .ARM.attributes
                0x0000007f       0x33 src/ASF/sam/drivers/tc/tc.o
 .ARM.attributes
                0x000000b2       0x33 src/ASF/sam/drivers/twi/twi.o
 .ARM.attributes
                0x000000e5       0x33 src/ASF/sam/drivers/usart/usart.o
 .ARM.attributes
                0x00000118       0x33 src/ASF/sam/drivers/wdt/wdt.o
 .ARM.attributes
                0x0000014b       0x33 src/camera.o
 .ARM.attributes
                0x0000017e       0x33 src/ov2640.o
 .ARM.attributes
                0x000001b1       0x33 src/ov2640_table_registers.o
 .ARM.attributes
                0x000001e4       0x33 src/timer_interface.o
 .ARM.attributes
                0x00000217       0x33 src/wifi.o
 .ARM.attributes
                0x0000024a       0x33 src/ASF/common/services/delay/sam/cycle_counter.o
 .ARM.attributes
                0x0000027d       0x33 src/ASF/common/services/clock/sam4s/sysclk.o
 .ARM.attributes
                0x000002b0       0x33 src/ASF/sam/drivers/pio/pio.o
 .ARM.attributes
                0x000002e3       0x33 src/ASF/sam/drivers/pmc/pmc.o
 .ARM.attributes
                0x00000316       0x33 src/ASF/common/boards/user_board/init.o
 .ARM.attributes
                0x00000349       0x33 src/ASF/sam/utils/cmsis/sam4s/source/templates/gcc/startup_sam4s.o
 .ARM.attributes
                0x0000037c       0x33 src/ASF/sam/utils/cmsis/sam4s/source/templates/system_sam4s.o
 .ARM.attributes
                0x000003af       0x33 src/ASF/sam/utils/syscalls/gcc/syscalls.o
 .ARM.attributes
                0x000003e2       0x33 src/main.o
 .ARM.attributes
                0x00000415       0x1e c:/program files (x86)/atmel/studio/7.0/toolchain/arm/arm-gnu-toolchain/bin/../lib/gcc/arm-none-eabi/6.3.1/thumb/v7e-m\libgcc.a(_aeabi_uldivmod.o)
 .ARM.attributes
                0x00000433       0x2e c:/program files (x86)/atmel/studio/7.0/toolchain/arm/arm-gnu-toolchain/bin/../lib/gcc/arm-none-eabi/6.3.1/thumb/v7e-m\libgcc.a(_udivmoddi4.o)
 .ARM.attributes
                0x00000461       0x1e c:/program files (x86)/atmel/studio/7.0/toolchain/arm/arm-gnu-toolchain/bin/../lib/gcc/arm-none-eabi/6.3.1/thumb/v7e-m\libgcc.a(_dvmd_tls.o)
 .ARM.attributes
                0x0000047f       0x2e c:/program files (x86)/atmel/studio/7.0/toolchain/arm/arm-gnu-toolchain/bin/../lib/gcc/arm-none-eabi/6.3.1/../../../../arm-none-eabi/lib/thumb/v7e-m\libc.a(lib_a-impure.o)
 .ARM.attributes
                0x000004ad       0x2e c:/program files (x86)/atmel/studio/7.0/toolchain/arm/arm-gnu-toolchain/bin/../lib/gcc/arm-none-eabi/6.3.1/../../../../arm-none-eabi/lib/thumb/v7e-m\libc.a(lib_a-init.o)
 .ARM.attributes
                0x000004db       0x2e c:/program files (x86)/atmel/studio/7.0/toolchain/arm/arm-gnu-toolchain/bin/../lib/gcc/arm-none-eabi/6.3.1/../../../../arm-none-eabi/lib/thumb/v7e-m\libc.a(lib_a-memset.o)
 .ARM.attributes
                0x00000509       0x2e c:/program files (x86)/atmel/studio/7.0/toolchain/arm/arm-gnu-toolchain/bin/../lib/gcc/arm-none-eabi/6.3.1/../../../../arm-none-eabi/lib/thumb/v7e-m\libc.a(lib_a-sprintf.o)
 .ARM.attributes
                0x00000537       0x2e c:/program files (x86)/atmel/studio/7.0/toolchain/arm/arm-gnu-toolchain/bin/../lib/gcc/arm-none-eabi/6.3.1/../../../../arm-none-eabi/lib/thumb/v7e-m\libc.a(lib_a-strstr.o)
 .ARM.attributes
                0x00000565       0x2e c:/program files (x86)/atmel/studio/7.0/toolchain/arm/arm-gnu-toolchain/bin/../lib/gcc/arm-none-eabi/6.3.1/../../../../arm-none-eabi/lib/thumb/v7e-m\libc.a(lib_a-svfprintf.o)
 .ARM.attributes
                0x00000593       0x2e c:/program files (x86)/atmel/studio/7.0/toolchain/arm/arm-gnu-toolchain/bin/../lib/gcc/arm-none-eabi/6.3.1/../../../../arm-none-eabi/lib/thumb/v7e-m\libc.a(lib_a-__call_atexit.o)
 .ARM.attributes
                0x000005c1       0x2e c:/program files (x86)/atmel/studio/7.0/toolchain/arm/arm-gnu-toolchain/bin/../lib/gcc/arm-none-eabi/6.3.1/../../../../arm-none-eabi/lib/thumb/v7e-m\libc.a(lib_a-atexit.o)
 .ARM.attributes
                0x000005ef       0x2e c:/program files (x86)/atmel/studio/7.0/toolchain/arm/arm-gnu-toolchain/bin/../lib/gcc/arm-none-eabi/6.3.1/../../../../arm-none-eabi/lib/thumb/v7e-m\libc.a(lib_a-dtoa.o)
 .ARM.attributes
                0x0000061d       0x2e c:/program files (x86)/atmel/studio/7.0/toolchain/arm/arm-gnu-toolchain/bin/../lib/gcc/arm-none-eabi/6.3.1/../../../../arm-none-eabi/lib/thumb/v7e-m\libc.a(lib_a-fini.o)
 .ARM.attributes
                0x0000064b       0x2e c:/program files (x86)/atmel/studio/7.0/toolchain/arm/arm-gnu-toolchain/bin/../lib/gcc/arm-none-eabi/6.3.1/../../../../arm-none-eabi/lib/thumb/v7e-m\libc.a(lib_a-localeconv.o)
 .ARM.attributes
                0x00000679       0x2e c:/program files (x86)/atmel/studio/7.0/toolchain/arm/arm-gnu-toolchain/bin/../lib/gcc/arm-none-eabi/6.3.1/../../../../arm-none-eabi/lib/thumb/v7e-m\libc.a(lib_a-lock.o)
 .ARM.attributes
                0x000006a7       0x2e c:/program files (x86)/atmel/studio/7.0/toolchain/arm/arm-gnu-toolchain/bin/../lib/gcc/arm-none-eabi/6.3.1/../../../../arm-none-eabi/lib/thumb/v7e-m\libc.a(lib_a-mallocr.o)
 .ARM.attributes
                0x000006d5       0x1c c:/program files (x86)/atmel/studio/7.0/toolchain/arm/arm-gnu-toolchain/bin/../lib/gcc/arm-none-eabi/6.3.1/../../../../arm-none-eabi/lib/thumb/v7e-m\libc.a(lib_a-memchr.o)
 .ARM.attributes
                0x000006f1       0x2e c:/program files (x86)/atmel/studio/7.0/toolchain/arm/arm-gnu-toolchain/bin/../lib/gcc/arm-none-eabi/6.3.1/../../../../arm-none-eabi/lib/thumb/v7e-m\libc.a(lib_a-memcmp.o)
 .ARM.attributes
                0x0000071f       0x1c c:/program files (x86)/atmel/studio/7.0/toolchain/arm/arm-gnu-toolchain/bin/../lib/gcc/arm-none-eabi/6.3.1/../../../../arm-none-eabi/lib/thumb/v7e-m\libc.a(lib_a-memcpy.o)
 .ARM.attributes
                0x0000073b       0x2e c:/program files (x86)/atmel/studio/7.0/toolchain/arm/arm-gnu-toolchain/bin/../lib/gcc/arm-none-eabi/6.3.1/../../../../arm-none-eabi/lib/thumb/v7e-m\libc.a(lib_a-mlock.o)
 .ARM.attributes
                0x00000769       0x2e c:/program files (x86)/atmel/studio/7.0/toolchain/arm/arm-gnu-toolchain/bin/../lib/gcc/arm-none-eabi/6.3.1/../../../../arm-none-eabi/lib/thumb/v7e-m\libc.a(lib_a-mprec.o)
 .ARM.attributes
                0x00000797       0x2e c:/program files (x86)/atmel/studio/7.0/toolchain/arm/arm-gnu-toolchain/bin/../lib/gcc/arm-none-eabi/6.3.1/../../../../arm-none-eabi/lib/thumb/v7e-m\libc.a(lib_a-sbrkr.o)
 .ARM.attributes
                0x000007c5       0x2e c:/program files (x86)/atmel/studio/7.0/toolchain/arm/arm-gnu-toolchain/bin/../lib/gcc/arm-none-eabi/6.3.1/../../../../arm-none-eabi/lib/thumb/v7e-m\libc.a(lib_a-strchr.o)
 .ARM.attributes
                0x000007f3       0x1c c:/program files (x86)/atmel/studio/7.0/toolchain/arm/arm-gnu-toolchain/bin/../lib/gcc/arm-none-eabi/6.3.1/../../../../arm-none-eabi/lib/thumb/v7e-m\libc.a(lib_a-strlen.o)
 .ARM.attributes
                0x0000080f       0x2e c:/program files (x86)/atmel/studio/7.0/toolchain/arm/arm-gnu-toolchain/bin/../lib/gcc/arm-none-eabi/6.3.1/../../../../arm-none-eabi/lib/thumb/v7e-m\libc.a(lib_a-svfiprintf.o)
 .ARM.attributes
                0x0000083d       0x2e c:/program files (x86)/atmel/studio/7.0/toolchain/arm/arm-gnu-toolchain/bin/../lib/gcc/arm-none-eabi/6.3.1/../../../../arm-none-eabi/lib/thumb/v7e-m\libc.a(lib_a-__atexit.o)
 .ARM.attributes
                0x0000086b       0x2e c:/program files (x86)/atmel/studio/7.0/toolchain/arm/arm-gnu-toolchain/bin/../lib/gcc/arm-none-eabi/6.3.1/../../../../arm-none-eabi/lib/thumb/v7e-m\libc.a(lib_a-callocr.o)
 .ARM.attributes
                0x00000899       0x2e c:/program files (x86)/atmel/studio/7.0/toolchain/arm/arm-gnu-toolchain/bin/../lib/gcc/arm-none-eabi/6.3.1/../../../../arm-none-eabi/lib/thumb/v7e-m\libc.a(lib_a-freer.o)
 .ARM.attributes
                0x000008c7       0x2e c:/program files (x86)/atmel/studio/7.0/toolchain/arm/arm-gnu-toolchain/bin/../lib/gcc/arm-none-eabi/6.3.1/../../../../arm-none-eabi/lib/thumb/v7e-m\libc.a(lib_a-locale.o)
 .ARM.attributes
                0x000008f5       0x2e c:/program files (x86)/atmel/studio/7.0/toolchain/arm/arm-gnu-toolchain/bin/../lib/gcc/arm-none-eabi/6.3.1/../../../../arm-none-eabi/lib/thumb/v7e-m\libc.a(lib_a-mbtowc_r.o)
 .ARM.attributes
                0x00000923       0x2e c:/program files (x86)/atmel/studio/7.0/toolchain/arm/arm-gnu-toolchain/bin/../lib/gcc/arm-none-eabi/6.3.1/../../../../arm-none-eabi/lib/thumb/v7e-m\libc.a(lib_a-memmove.o)
 .ARM.attributes
                0x00000951       0x2e c:/program files (x86)/atmel/studio/7.0/toolchain/arm/arm-gnu-toolchain/bin/../lib/gcc/arm-none-eabi/6.3.1/../../../../arm-none-eabi/lib/thumb/v7e-m\libc.a(lib_a-reallocr.o)
 .ARM.attributes
                0x0000097f       0x2e c:/program files (x86)/atmel/studio/7.0/toolchain/arm/arm-gnu-toolchain/bin/../lib/gcc/arm-none-eabi/6.3.1/../../../../arm-none-eabi/lib/thumb/v7e-m\libc.a(lib_a-reent.o)
 .ARM.attributes
                0x000009ad       0x2e c:/program files (x86)/atmel/studio/7.0/toolchain/arm/arm-gnu-toolchain/bin/../lib/gcc/arm-none-eabi/6.3.1/../../../../arm-none-eabi/lib/thumb/v7e-m\libc.a(lib_a-wctomb_r.o)
 .ARM.attributes
                0x000009db       0x2e c:/program files (x86)/atmel/studio/7.0/toolchain/arm/arm-gnu-toolchain/bin/../lib/gcc/arm-none-eabi/6.3.1/../../../../arm-none-eabi/lib/thumb/v7e-m\libc.a(lib_a-ctype_.o)
 .ARM.attributes
                0x00000a09       0x1e c:/program files (x86)/atmel/studio/7.0/toolchain/arm/arm-gnu-toolchain/bin/../lib/gcc/arm-none-eabi/6.3.1/thumb/v7e-m\libgcc.a(_arm_addsubdf3.o)
 .ARM.attributes
                0x00000a27       0x1e c:/program files (x86)/atmel/studio/7.0/toolchain/arm/arm-gnu-toolchain/bin/../lib/gcc/arm-none-eabi/6.3.1/thumb/v7e-m\libgcc.a(_arm_muldivdf3.o)
 .ARM.attributes
                0x00000a45       0x1e c:/program files (x86)/atmel/studio/7.0/toolchain/arm/arm-gnu-toolchain/bin/../lib/gcc/arm-none-eabi/6.3.1/thumb/v7e-m\libgcc.a(_arm_cmpdf2.o)
 .ARM.attributes
                0x00000a63       0x1e c:/program files (x86)/atmel/studio/7.0/toolchain/arm/arm-gnu-toolchain/bin/../lib/gcc/arm-none-eabi/6.3.1/thumb/v7e-m\libgcc.a(_arm_unorddf2.o)
 .ARM.attributes
                0x00000a81       0x1e c:/program files (x86)/atmel/studio/7.0/toolchain/arm/arm-gnu-toolchain/bin/../lib/gcc/arm-none-eabi/6.3.1/thumb/v7e-m\libgcc.a(_arm_fixdfsi.o)
 .ARM.attributes
                0x00000a9f       0x1e c:/program files (x86)/atmel/studio/7.0/toolchain/arm/arm-gnu-toolchain/bin/../lib/gcc/arm-none-eabi/6.3.1/thumb/v7e-m/crtn.o

.comment        0x00000000       0x59
 .comment       0x00000000       0x59 src/ASF/sam/drivers/pio/pio_handler.o
                                 0x5a (size before relaxing)
 .comment       0x00000059       0x5a src/ASF/sam/drivers/tc/tc.o
 .comment       0x00000059       0x5a src/ASF/sam/drivers/twi/twi.o
 .comment       0x00000059       0x5a src/ASF/sam/drivers/usart/usart.o
 .comment       0x00000059       0x5a src/ASF/sam/drivers/wdt/wdt.o
 .comment       0x00000059       0x5a src/camera.o
 .comment       0x00000059       0x5a src/ov2640.o
 .comment       0x00000059       0x5a src/ov2640_table_registers.o
 .comment       0x00000059       0x5a src/timer_interface.o
 .comment       0x00000059       0x5a src/wifi.o
 .comment       0x00000059       0x5a src/ASF/common/services/delay/sam/cycle_counter.o
 .comment       0x00000059       0x5a src/ASF/common/services/clock/sam4s/sysclk.o
 .comment       0x00000059       0x5a src/ASF/sam/drivers/pio/pio.o
 .comment       0x00000059       0x5a src/ASF/sam/drivers/pmc/pmc.o
 .comment       0x00000059       0x5a src/ASF/common/boards/user_board/init.o
 .comment       0x00000059       0x5a src/ASF/sam/utils/cmsis/sam4s/source/templates/gcc/startup_sam4s.o
 .comment       0x00000059       0x5a src/ASF/sam/utils/cmsis/sam4s/source/templates/system_sam4s.o
 .comment       0x00000059       0x5a src/ASF/sam/utils/syscalls/gcc/syscalls.o
 .comment       0x00000059       0x5a src/main.o

.debug_info     0x00000000    0x1776c
 .debug_info    0x00000000     0x17aa src/ASF/sam/drivers/pio/pio_handler.o
 .debug_info    0x000017aa     0x1255 src/ASF/sam/drivers/tc/tc.o
 .debug_info    0x000029ff     0x135e src/ASF/sam/drivers/twi/twi.o
 .debug_info    0x00003d5d     0x1e90 src/ASF/sam/drivers/usart/usart.o
 .debug_info    0x00005bed      0xbe3 src/ASF/sam/drivers/wdt/wdt.o
 .debug_info    0x000067d0     0x2128 src/camera.o
 .debug_info    0x000088f8     0x1b08 src/ov2640.o
 .debug_info    0x0000a400      0xc72 src/ov2640_table_registers.o
 .debug_info    0x0000b072     0x104e src/timer_interface.o
 .debug_info    0x0000c0c0     0x1cd3 src/wifi.o
 .debug_info    0x0000dd93      0xa45 src/ASF/common/services/delay/sam/cycle_counter.o
 .debug_info    0x0000e7d8     0x126e src/ASF/common/services/clock/sam4s/sysclk.o
 .debug_info    0x0000fa46     0x1d8d src/ASF/sam/drivers/pio/pio.o
 .debug_info    0x000117d3     0x1a11 src/ASF/sam/drivers/pmc/pmc.o
 .debug_info    0x000131e4     0x1496 src/ASF/common/boards/user_board/init.o
 .debug_info    0x0001467a      0x6e9 src/ASF/sam/utils/cmsis/sam4s/source/templates/gcc/startup_sam4s.o
 .debug_info    0x00014d63      0x45c src/ASF/sam/utils/cmsis/sam4s/source/templates/system_sam4s.o
 .debug_info    0x000151bf      0xdbc src/ASF/sam/utils/syscalls/gcc/syscalls.o
 .debug_info    0x00015f7b     0x17f1 src/main.o

.debug_abbrev   0x00000000     0x2fe5
 .debug_abbrev  0x00000000      0x2c9 src/ASF/sam/drivers/pio/pio_handler.o
 .debug_abbrev  0x000002c9      0x24a src/ASF/sam/drivers/tc/tc.o
 .debug_abbrev  0x00000513      0x28f src/ASF/sam/drivers/twi/twi.o
 .debug_abbrev  0x000007a2      0x2c1 src/ASF/sam/drivers/usart/usart.o
 .debug_abbrev  0x00000a63      0x207 src/ASF/sam/drivers/wdt/wdt.o
 .debug_abbrev  0x00000c6a      0x358 src/camera.o
 .debug_abbrev  0x00000fc2      0x333 src/ov2640.o
 .debug_abbrev  0x000012f5      0x1b4 src/ov2640_table_registers.o
 .debug_abbrev  0x000014a9      0x293 src/timer_interface.o
 .debug_abbrev  0x0000173c      0x339 src/wifi.o
 .debug_abbrev  0x00001a75      0x1b3 src/ASF/common/services/delay/sam/cycle_counter.o
 .debug_abbrev  0x00001c28      0x2aa src/ASF/common/services/clock/sam4s/sysclk.o
 .debug_abbrev  0x00001ed2      0x296 src/ASF/sam/drivers/pio/pio.o
 .debug_abbrev  0x00002168      0x2b8 src/ASF/sam/drivers/pmc/pmc.o
 .debug_abbrev  0x00002420      0x375 src/ASF/common/boards/user_board/init.o
 .debug_abbrev  0x00002795      0x17c src/ASF/sam/utils/cmsis/sam4s/source/templates/gcc/startup_sam4s.o
 .debug_abbrev  0x00002911      0x102 src/ASF/sam/utils/cmsis/sam4s/source/templates/system_sam4s.o
 .debug_abbrev  0x00002a13      0x22a src/ASF/sam/utils/syscalls/gcc/syscalls.o
 .debug_abbrev  0x00002c3d      0x3a8 src/main.o

.debug_loc      0x00000000     0x7074
 .debug_loc     0x00000000      0x364 src/ASF/sam/drivers/pio/pio_handler.o
 .debug_loc     0x00000364      0x844 src/ASF/sam/drivers/tc/tc.o
 .debug_loc     0x00000ba8      0x7ac src/ASF/sam/drivers/twi/twi.o
 .debug_loc     0x00001354     0x17d4 src/ASF/sam/drivers/usart/usart.o
 .debug_loc     0x00002b28      0x228 src/ASF/sam/drivers/wdt/wdt.o
 .debug_loc     0x00002d50      0x514 src/camera.o
 .debug_loc     0x00003264      0x5c4 src/ov2640.o
 .debug_loc     0x00003828      0x1b0 src/timer_interface.o
 .debug_loc     0x000039d8      0x476 src/wifi.o
 .debug_loc     0x00003e4e      0x4a0 src/ASF/common/services/clock/sam4s/sysclk.o
 .debug_loc     0x000042ee     0x1174 src/ASF/sam/drivers/pio/pio.o
 .debug_loc     0x00005462     0x1468 src/ASF/sam/drivers/pmc/pmc.o
 .debug_loc     0x000068ca      0x1bc src/ASF/common/boards/user_board/init.o
 .debug_loc     0x00006a86       0x64 src/ASF/sam/utils/cmsis/sam4s/source/templates/gcc/startup_sam4s.o
 .debug_loc     0x00006aea       0xe4 src/ASF/sam/utils/cmsis/sam4s/source/templates/system_sam4s.o
 .debug_loc     0x00006bce      0x300 src/ASF/sam/utils/syscalls/gcc/syscalls.o
 .debug_loc     0x00006ece      0x1a6 src/main.o

.debug_aranges  0x00000000      0xc78
 .debug_aranges
                0x00000000       0x70 src/ASF/sam/drivers/pio/pio_handler.o
 .debug_aranges
                0x00000070       0xd0 src/ASF/sam/drivers/tc/tc.o
 .debug_aranges
                0x00000140       0xc8 src/ASF/sam/drivers/twi/twi.o
 .debug_aranges
                0x00000208      0x238 src/ASF/sam/drivers/usart/usart.o
 .debug_aranges
                0x00000440       0x48 src/ASF/sam/drivers/wdt/wdt.o
 .debug_aranges
                0x00000488       0xa0 src/camera.o
 .debug_aranges
                0x00000528       0xb0 src/ov2640.o
 .debug_aranges
                0x000005d8       0x18 src/ov2640_table_registers.o
 .debug_aranges
                0x000005f0       0x48 src/timer_interface.o
 .debug_aranges
                0x00000638       0x90 src/wifi.o
 .debug_aranges
                0x000006c8       0x20 src/ASF/common/services/delay/sam/cycle_counter.o
 .debug_aranges
                0x000006e8       0x98 src/ASF/common/services/clock/sam4s/sysclk.o
 .debug_aranges
                0x00000780      0x1a8 src/ASF/sam/drivers/pio/pio.o
 .debug_aranges
                0x00000928      0x208 src/ASF/sam/drivers/pmc/pmc.o
 .debug_aranges
                0x00000b30       0x48 src/ASF/common/boards/user_board/init.o
 .debug_aranges
                0x00000b78       0x28 src/ASF/sam/utils/cmsis/sam4s/source/templates/gcc/startup_sam4s.o
 .debug_aranges
                0x00000ba0       0x30 src/ASF/sam/utils/cmsis/sam4s/source/templates/system_sam4s.o
 .debug_aranges
                0x00000bd0       0x60 src/ASF/sam/utils/syscalls/gcc/syscalls.o
 .debug_aranges
                0x00000c30       0x48 src/main.o

.debug_ranges   0x00000000      0xba0
 .debug_ranges  0x00000000       0x60 src/ASF/sam/drivers/pio/pio_handler.o
 .debug_ranges  0x00000060       0xc0 src/ASF/sam/drivers/tc/tc.o
 .debug_ranges  0x00000120       0xb8 src/ASF/sam/drivers/twi/twi.o
 .debug_ranges  0x000001d8      0x228 src/ASF/sam/drivers/usart/usart.o
 .debug_ranges  0x00000400       0x38 src/ASF/sam/drivers/wdt/wdt.o
 .debug_ranges  0x00000438       0x90 src/camera.o
 .debug_ranges  0x000004c8       0xa0 src/ov2640.o
 .debug_ranges  0x00000568       0x38 src/timer_interface.o
 .debug_ranges  0x000005a0       0x80 src/wifi.o
 .debug_ranges  0x00000620       0x10 src/ASF/common/services/delay/sam/cycle_counter.o
 .debug_ranges  0x00000630       0x88 src/ASF/common/services/clock/sam4s/sysclk.o
 .debug_ranges  0x000006b8      0x198 src/ASF/sam/drivers/pio/pio.o
 .debug_ranges  0x00000850      0x1f8 src/ASF/sam/drivers/pmc/pmc.o
 .debug_ranges  0x00000a48       0x80 src/ASF/common/boards/user_board/init.o
 .debug_ranges  0x00000ac8       0x18 src/ASF/sam/utils/cmsis/sam4s/source/templates/gcc/startup_sam4s.o
 .debug_ranges  0x00000ae0       0x20 src/ASF/sam/utils/cmsis/sam4s/source/templates/system_sam4s.o
 .debug_ranges  0x00000b00       0x50 src/ASF/sam/utils/syscalls/gcc/syscalls.o
 .debug_ranges  0x00000b50       0x50 src/main.o

.debug_macro    0x00000000     0x7595
 .debug_macro   0x00000000      0x4fd src/ASF/sam/drivers/pio/pio_handler.o
 .debug_macro   0x000004fd       0x8e src/ASF/sam/drivers/pio/pio_handler.o
 .debug_macro   0x0000058b      0x4f4 src/ASF/sam/drivers/tc/tc.o
 .debug_macro   0x00000a7f       0x52 src/ASF/sam/drivers/tc/tc.o
 .debug_macro   0x00000ad1       0x8d src/ASF/sam/drivers/tc/tc.o
 .debug_macro   0x00000b5e       0x16 src/ASF/sam/drivers/tc/tc.o
 .debug_macro   0x00000b74       0x57 src/ASF/sam/drivers/tc/tc.o
 .debug_macro   0x00000bcb       0x1c src/ASF/sam/drivers/tc/tc.o
 .debug_macro   0x00000be7      0x511 src/ASF/sam/drivers/twi/twi.o
 .debug_macro   0x000010f8       0x46 src/ASF/sam/drivers/twi/twi.o
 .debug_macro   0x0000113e      0x523 src/ASF/sam/drivers/usart/usart.o
 .debug_macro   0x00001661       0x28 src/ASF/sam/drivers/usart/usart.o
 .debug_macro   0x00001689      0x500 src/ASF/sam/drivers/wdt/wdt.o
 .debug_macro   0x00001b89      0x6b0 src/camera.o
 .debug_macro   0x00002239       0x28 src/camera.o
 .debug_macro   0x00002261       0x23 src/camera.o
 .debug_macro   0x00002284       0x94 src/camera.o
 .debug_macro   0x00002318       0x40 src/camera.o
 .debug_macro   0x00002358       0x88 src/camera.o
 .debug_macro   0x000023e0       0x34 src/camera.o
 .debug_macro   0x00002414       0x4c src/camera.o
 .debug_macro   0x00002460       0x10 src/camera.o
 .debug_macro   0x00002470       0x16 src/camera.o
 .debug_macro   0x00002486       0x10 src/camera.o
 .debug_macro   0x00002496      0x401 src/camera.o
 .debug_macro   0x00002897       0x16 src/camera.o
 .debug_macro   0x000028ad       0x10 src/camera.o
 .debug_macro   0x000028bd       0xd0 src/camera.o
 .debug_macro   0x0000298d       0x28 src/camera.o
 .debug_macro   0x000029b5      0x5b5 src/ov2640.o
 .debug_macro   0x00002f6a      0x3fb src/ov2640.o
 .debug_macro   0x00003365      0x591 src/ov2640_table_registers.o
 .debug_macro   0x000038f6      0x2c0 src/ov2640_table_registers.o
 .debug_macro   0x00003bb6      0x689 src/timer_interface.o
 .debug_macro   0x0000423f      0x6b1 src/wifi.o
 .debug_macro   0x000048f0      0x4ed src/ASF/common/services/delay/sam/cycle_counter.o
 .debug_macro   0x00004ddd       0x22 src/ASF/common/services/delay/sam/cycle_counter.o
 .debug_macro   0x00004dff      0x558 src/ASF/common/services/clock/sam4s/sysclk.o
 .debug_macro   0x00005357      0x4f3 src/ASF/sam/drivers/pio/pio.o
 .debug_macro   0x0000584a      0x4f3 src/ASF/sam/drivers/pmc/pmc.o
 .debug_macro   0x00005d3d       0x52 src/ASF/sam/drivers/pmc/pmc.o
 .debug_macro   0x00005d8f      0x654 src/ASF/common/boards/user_board/init.o
 .debug_macro   0x000063e3      0x2df src/ASF/sam/utils/cmsis/sam4s/source/templates/gcc/startup_sam4s.o
 .debug_macro   0x000066c2      0x2e7 src/ASF/sam/utils/cmsis/sam4s/source/templates/system_sam4s.o
 .debug_macro   0x000069a9      0x1d6 src/ASF/sam/utils/syscalls/gcc/syscalls.o
 .debug_macro   0x00006b7f       0x97 src/ASF/sam/utils/syscalls/gcc/syscalls.o
 .debug_macro   0x00006c16       0xf6 src/ASF/sam/utils/syscalls/gcc/syscalls.o
 .debug_macro   0x00006d0c       0x4c src/ASF/sam/utils/syscalls/gcc/syscalls.o
 .debug_macro   0x00006d58       0x16 src/ASF/sam/utils/syscalls/gcc/syscalls.o
 .debug_macro   0x00006d6e       0x10 src/ASF/sam/utils/syscalls/gcc/syscalls.o
 .debug_macro   0x00006d7e       0x10 src/ASF/sam/utils/syscalls/gcc/syscalls.o
 .debug_macro   0x00006d8e       0x35 src/ASF/sam/utils/syscalls/gcc/syscalls.o
 .debug_macro   0x00006dc3      0x122 src/ASF/sam/utils/syscalls/gcc/syscalls.o
 .debug_macro   0x00006ee5      0x6b0 src/main.o

.debug_line     0x00000000     0xf168
 .debug_line    0x00000000      0xb2f src/ASF/sam/drivers/pio/pio_handler.o
 .debug_line    0x00000b2f      0xbcd src/ASF/sam/drivers/tc/tc.o
 .debug_line    0x000016fc      0xc5a src/ASF/sam/drivers/twi/twi.o
 .debug_line    0x00002356      0xffe src/ASF/sam/drivers/usart/usart.o
 .debug_line    0x00003354      0xa7b src/ASF/sam/drivers/wdt/wdt.o
 .debug_line    0x00003dcf     0x10b7 src/camera.o
 .debug_line    0x00004e86      0xeb5 src/ov2640.o
 .debug_line    0x00005d3b      0xbdc src/ov2640_table_registers.o
 .debug_line    0x00006917      0xf22 src/timer_interface.o
 .debug_line    0x00007839     0x1064 src/wifi.o
 .debug_line    0x0000889d      0xa2e src/ASF/common/services/delay/sam/cycle_counter.o
 .debug_line    0x000092cb      0xca8 src/ASF/common/services/clock/sam4s/sysclk.o
 .debug_line    0x00009f73      0xe47 src/ASF/sam/drivers/pio/pio.o
 .debug_line    0x0000adba     0x1030 src/ASF/sam/drivers/pmc/pmc.o
 .debug_line    0x0000bdea      0xf5d src/ASF/common/boards/user_board/init.o
 .debug_line    0x0000cd47      0x819 src/ASF/sam/utils/cmsis/sam4s/source/templates/gcc/startup_sam4s.o
 .debug_line    0x0000d560      0x858 src/ASF/sam/utils/cmsis/sam4s/source/templates/system_sam4s.o
 .debug_line    0x0000ddb8      0x417 src/ASF/sam/utils/syscalls/gcc/syscalls.o
 .debug_line    0x0000e1cf      0xf99 src/main.o

.debug_str      0x00000000    0x4f5a2
 .debug_str     0x00000000    0x47f8d src/ASF/sam/drivers/pio/pio_handler.o
                              0x4840a (size before relaxing)
 .debug_str     0x00047f8d      0x396 src/ASF/sam/drivers/tc/tc.o
                              0x47c65 (size before relaxing)
 .debug_str     0x00048323      0x4f6 src/ASF/sam/drivers/twi/twi.o
                              0x47e1d (size before relaxing)
 .debug_str     0x00048819      0x958 src/ASF/sam/drivers/usart/usart.o
                              0x482ff (size before relaxing)
 .debug_str     0x00049171      0x135 src/ASF/sam/drivers/wdt/wdt.o
                              0x47a01 (size before relaxing)
 .debug_str     0x000492a6     0x44a4 src/camera.o
                              0x4cac9 (size before relaxing)
 .debug_str     0x0004d74a      0x1cd src/ov2640.o
                              0x4b881 (size before relaxing)
 .debug_str     0x0004d917       0x20 src/ov2640_table_registers.o
                              0x4b036 (size before relaxing)
 .debug_str     0x0004d937       0x41 src/timer_interface.o
                              0x4a670 (size before relaxing)
 .debug_str     0x0004d978      0x1e1 src/wifi.o
                              0x4c92f (size before relaxing)
 .debug_str     0x0004db59       0x35 src/ASF/common/services/delay/sam/cycle_counter.o
                              0x47a7a (size before relaxing)
 .debug_str     0x0004db8e      0x2c1 src/ASF/common/services/clock/sam4s/sysclk.o
                              0x4975b (size before relaxing)
 .debug_str     0x0004de4f      0x3c5 src/ASF/sam/drivers/pio/pio.o
                              0x4851a (size before relaxing)
 .debug_str     0x0004e214      0x569 src/ASF/sam/drivers/pmc/pmc.o
                              0x48378 (size before relaxing)
 .debug_str     0x0004e77d      0x191 src/ASF/common/boards/user_board/init.o
                              0x4a6cd (size before relaxing)
 .debug_str     0x0004e90e      0x428 src/ASF/sam/utils/cmsis/sam4s/source/templates/gcc/startup_sam4s.o
                              0x37eb2 (size before relaxing)
 .debug_str     0x0004ed36       0xb9 src/ASF/sam/utils/cmsis/sam4s/source/templates/system_sam4s.o
                              0x37c51 (size before relaxing)
 .debug_str     0x0004edef      0x768 src/ASF/sam/utils/syscalls/gcc/syscalls.o
                               0x73fe (size before relaxing)
 .debug_str     0x0004f557       0x4b src/main.o
                              0x4c53f (size before relaxing)

.debug_frame    0x00000000     0x4124
 .debug_frame   0x00000000      0x1a4 src/ASF/sam/drivers/pio/pio_handler.o
 .debug_frame   0x000001a4      0x3a8 src/ASF/sam/drivers/tc/tc.o
 .debug_frame   0x0000054c      0x36c src/ASF/sam/drivers/twi/twi.o
 .debug_frame   0x000008b8      0xa7c src/ASF/sam/drivers/usart/usart.o
 .debug_frame   0x00001334      0x100 src/ASF/sam/drivers/wdt/wdt.o
 .debug_frame   0x00001434      0x294 src/camera.o
 .debug_frame   0x000016c8      0x2c0 src/ov2640.o
 .debug_frame   0x00001988       0xe4 src/timer_interface.o
 .debug_frame   0x00001a6c      0x230 src/wifi.o
 .debug_frame   0x00001c9c       0x20 src/ASF/common/services/delay/sam/cycle_counter.o
 .debug_frame   0x00001cbc      0x244 src/ASF/common/services/clock/sam4s/sysclk.o
 .debug_frame   0x00001f00      0x7c0 src/ASF/sam/drivers/pio/pio.o
 .debug_frame   0x000026c0      0x920 src/ASF/sam/drivers/pmc/pmc.o
 .debug_frame   0x00002fe0       0xe4 src/ASF/common/boards/user_board/init.o
 .debug_frame   0x000030c4       0x48 src/ASF/sam/utils/cmsis/sam4s/source/templates/gcc/startup_sam4s.o
 .debug_frame   0x0000310c       0x78 src/ASF/sam/utils/cmsis/sam4s/source/templates/system_sam4s.o
 .debug_frame   0x00003184      0x164 src/ASF/sam/utils/syscalls/gcc/syscalls.o
 .debug_frame   0x000032e8       0xec src/main.o
 .debug_frame   0x000033d4       0x2c c:/program files (x86)/atmel/studio/7.0/toolchain/arm/arm-gnu-toolchain/bin/../lib/gcc/arm-none-eabi/6.3.1/thumb/v7e-m\libgcc.a(_aeabi_uldivmod.o)
 .debug_frame   0x00003400       0x34 c:/program files (x86)/atmel/studio/7.0/toolchain/arm/arm-gnu-toolchain/bin/../lib/gcc/arm-none-eabi/6.3.1/thumb/v7e-m\libgcc.a(_udivmoddi4.o)
 .debug_frame   0x00003434       0x2c c:/program files (x86)/atmel/studio/7.0/toolchain/arm/arm-gnu-toolchain/bin/../lib/gcc/arm-none-eabi/6.3.1/../../../../arm-none-eabi/lib/thumb/v7e-m\libc.a(lib_a-init.o)
 .debug_frame   0x00003460       0x34 c:/program files (x86)/atmel/studio/7.0/toolchain/arm/arm-gnu-toolchain/bin/../lib/gcc/arm-none-eabi/6.3.1/../../../../arm-none-eabi/lib/thumb/v7e-m\libc.a(lib_a-memset.o)
 .debug_frame   0x00003494       0x84 c:/program files (x86)/atmel/studio/7.0/toolchain/arm/arm-gnu-toolchain/bin/../lib/gcc/arm-none-eabi/6.3.1/../../../../arm-none-eabi/lib/thumb/v7e-m\libc.a(lib_a-sprintf.o)
 .debug_frame   0x00003518       0xd8 c:/program files (x86)/atmel/studio/7.0/toolchain/arm/arm-gnu-toolchain/bin/../lib/gcc/arm-none-eabi/6.3.1/../../../../arm-none-eabi/lib/thumb/v7e-m\libc.a(lib_a-strstr.o)
 .debug_frame   0x000035f0       0x40 c:/program files (x86)/atmel/studio/7.0/toolchain/arm/arm-gnu-toolchain/bin/../lib/gcc/arm-none-eabi/6.3.1/../../../../arm-none-eabi/lib/thumb/v7e-m\libc.a(lib_a-svfprintf.o)
 .debug_frame   0x00003630       0x5c c:/program files (x86)/atmel/studio/7.0/toolchain/arm/arm-gnu-toolchain/bin/../lib/gcc/arm-none-eabi/6.3.1/../../../../arm-none-eabi/lib/thumb/v7e-m\libc.a(lib_a-__call_atexit.o)
 .debug_frame   0x0000368c       0x20 c:/program files (x86)/atmel/studio/7.0/toolchain/arm/arm-gnu-toolchain/bin/../lib/gcc/arm-none-eabi/6.3.1/../../../../arm-none-eabi/lib/thumb/v7e-m\libc.a(lib_a-atexit.o)
 .debug_frame   0x000036ac       0x88 c:/program files (x86)/atmel/studio/7.0/toolchain/arm/arm-gnu-toolchain/bin/../lib/gcc/arm-none-eabi/6.3.1/../../../../arm-none-eabi/lib/thumb/v7e-m\libc.a(lib_a-dtoa.o)
 .debug_frame   0x00003734       0x34 c:/program files (x86)/atmel/studio/7.0/toolchain/arm/arm-gnu-toolchain/bin/../lib/gcc/arm-none-eabi/6.3.1/../../../../arm-none-eabi/lib/thumb/v7e-m\libc.a(lib_a-fini.o)
 .debug_frame   0x00003768       0x40 c:/program files (x86)/atmel/studio/7.0/toolchain/arm/arm-gnu-toolchain/bin/../lib/gcc/arm-none-eabi/6.3.1/../../../../arm-none-eabi/lib/thumb/v7e-m\libc.a(lib_a-localeconv.o)
 .debug_frame   0x000037a8       0xb0 c:/program files (x86)/atmel/studio/7.0/toolchain/arm/arm-gnu-toolchain/bin/../lib/gcc/arm-none-eabi/6.3.1/../../../../arm-none-eabi/lib/thumb/v7e-m\libc.a(lib_a-lock.o)
 .debug_frame   0x00003858       0x58 c:/program files (x86)/atmel/studio/7.0/toolchain/arm/arm-gnu-toolchain/bin/../lib/gcc/arm-none-eabi/6.3.1/../../../../arm-none-eabi/lib/thumb/v7e-m\libc.a(lib_a-mallocr.o)
 .debug_frame   0x000038b0       0x3c c:/program files (x86)/atmel/studio/7.0/toolchain/arm/arm-gnu-toolchain/bin/../lib/gcc/arm-none-eabi/6.3.1/../../../../arm-none-eabi/lib/thumb/v7e-m\libc.a(lib_a-memcmp.o)
 .debug_frame   0x000038ec       0x30 c:/program files (x86)/atmel/studio/7.0/toolchain/arm/arm-gnu-toolchain/bin/../lib/gcc/arm-none-eabi/6.3.1/../../../../arm-none-eabi/lib/thumb/v7e-m\libc.a(lib_a-mlock.o)
 .debug_frame   0x0000391c      0x25c c:/program files (x86)/atmel/studio/7.0/toolchain/arm/arm-gnu-toolchain/bin/../lib/gcc/arm-none-eabi/6.3.1/../../../../arm-none-eabi/lib/thumb/v7e-m\libc.a(lib_a-mprec.o)
 .debug_frame   0x00003b78       0x2c c:/program files (x86)/atmel/studio/7.0/toolchain/arm/arm-gnu-toolchain/bin/../lib/gcc/arm-none-eabi/6.3.1/../../../../arm-none-eabi/lib/thumb/v7e-m\libc.a(lib_a-sbrkr.o)
 .debug_frame   0x00003ba4       0x50 c:/program files (x86)/atmel/studio/7.0/toolchain/arm/arm-gnu-toolchain/bin/../lib/gcc/arm-none-eabi/6.3.1/../../../../arm-none-eabi/lib/thumb/v7e-m\libc.a(lib_a-strchr.o)
 .debug_frame   0x00003bf4       0x78 c:/program files (x86)/atmel/studio/7.0/toolchain/arm/arm-gnu-toolchain/bin/../lib/gcc/arm-none-eabi/6.3.1/../../../../arm-none-eabi/lib/thumb/v7e-m\libc.a(lib_a-svfiprintf.o)
 .debug_frame   0x00003c6c       0x34 c:/program files (x86)/atmel/studio/7.0/toolchain/arm/arm-gnu-toolchain/bin/../lib/gcc/arm-none-eabi/6.3.1/../../../../arm-none-eabi/lib/thumb/v7e-m\libc.a(lib_a-__atexit.o)
 .debug_frame   0x00003ca0       0x28 c:/program files (x86)/atmel/studio/7.0/toolchain/arm/arm-gnu-toolchain/bin/../lib/gcc/arm-none-eabi/6.3.1/../../../../arm-none-eabi/lib/thumb/v7e-m\libc.a(lib_a-callocr.o)
 .debug_frame   0x00003cc8       0x74 c:/program files (x86)/atmel/studio/7.0/toolchain/arm/arm-gnu-toolchain/bin/../lib/gcc/arm-none-eabi/6.3.1/../../../../arm-none-eabi/lib/thumb/v7e-m\libc.a(lib_a-freer.o)
 .debug_frame   0x00003d3c       0x6c c:/program files (x86)/atmel/studio/7.0/toolchain/arm/arm-gnu-toolchain/bin/../lib/gcc/arm-none-eabi/6.3.1/../../../../arm-none-eabi/lib/thumb/v7e-m\libc.a(lib_a-locale.o)
 .debug_frame   0x00003da8       0x4c c:/program files (x86)/atmel/studio/7.0/toolchain/arm/arm-gnu-toolchain/bin/../lib/gcc/arm-none-eabi/6.3.1/../../../../arm-none-eabi/lib/thumb/v7e-m\libc.a(lib_a-mbtowc_r.o)
 .debug_frame   0x00003df4       0x30 c:/program files (x86)/atmel/studio/7.0/toolchain/arm/arm-gnu-toolchain/bin/../lib/gcc/arm-none-eabi/6.3.1/../../../../arm-none-eabi/lib/thumb/v7e-m\libc.a(lib_a-memmove.o)
 .debug_frame   0x00003e24       0x68 c:/program files (x86)/atmel/studio/7.0/toolchain/arm/arm-gnu-toolchain/bin/../lib/gcc/arm-none-eabi/6.3.1/../../../../arm-none-eabi/lib/thumb/v7e-m\libc.a(lib_a-reallocr.o)
 .debug_frame   0x00003e8c       0x58 c:/program files (x86)/atmel/studio/7.0/toolchain/arm/arm-gnu-toolchain/bin/../lib/gcc/arm-none-eabi/6.3.1/../../../../arm-none-eabi/lib/thumb/v7e-m\libc.a(lib_a-reent.o)